Component: ARM Compiler 5.06 update 5 (build 528) Tool: armlink [4d35e2]

==============================================================================

Section Cross References

    startup_stm32f10x_md.o(STACK) refers (Special) to heapauxi.o(.text) for __use_two_region_memory
    startup_stm32f10x_md.o(HEAP) refers (Special) to heapauxi.o(.text) for __use_two_region_memory
    startup_stm32f10x_md.o(RESET) refers (Special) to heapauxi.o(.text) for __use_two_region_memory
    startup_stm32f10x_md.o(RESET) refers to startup_stm32f10x_md.o(STACK) for __initial_sp
    startup_stm32f10x_md.o(RESET) refers to startup_stm32f10x_md.o(.text) for Reset_Handler
    startup_stm32f10x_md.o(RESET) refers to stm32f10x_it.o(i.NMI_Handler) for NMI_Handler
    startup_stm32f10x_md.o(RESET) refers to stm32f10x_it.o(i.HardFault_Handler) for HardFault_Handler
    startup_stm32f10x_md.o(RESET) refers to stm32f10x_it.o(i.MemManage_Handler) for MemManage_Handler
    startup_stm32f10x_md.o(RESET) refers to stm32f10x_it.o(i.BusFault_Handler) for BusFault_Handler
    startup_stm32f10x_md.o(RESET) refers to stm32f10x_it.o(i.UsageFault_Handler) for UsageFault_Handler
    startup_stm32f10x_md.o(RESET) refers to stm32f10x_it.o(i.SVC_Handler) for SVC_Handler
    startup_stm32f10x_md.o(RESET) refers to stm32f10x_it.o(i.DebugMon_Handler) for DebugMon_Handler
    startup_stm32f10x_md.o(RESET) refers to stm32f10x_it.o(i.PendSV_Handler) for PendSV_Handler
    startup_stm32f10x_md.o(RESET) refers to stm32f10x_it.o(i.SysTick_Handler) for SysTick_Handler
    startup_stm32f10x_md.o(RESET) refers to main.o(i.TIM1_UP_IRQHandler) for TIM1_UP_IRQHandler
    startup_stm32f10x_md.o(.text) refers (Special) to heapauxi.o(.text) for __use_two_region_memory
    startup_stm32f10x_md.o(.text) refers to system_stm32f10x.o(i.SystemInit) for SystemInit
    startup_stm32f10x_md.o(.text) refers to __main.o(!!!main) for __main
    startup_stm32f10x_md.o(.text) refers to startup_stm32f10x_md.o(HEAP) for Heap_Mem
    startup_stm32f10x_md.o(.text) refers to startup_stm32f10x_md.o(STACK) for Stack_Mem
    system_stm32f10x.o(i.SetSysClock) refers to system_stm32f10x.o(i.SetSysClockTo72) for SetSysClockTo72
    system_stm32f10x.o(i.SystemCoreClockUpdate) refers to system_stm32f10x.o(.data) for SystemCoreClock
    system_stm32f10x.o(i.SystemInit) refers to system_stm32f10x.o(i.SetSysClock) for SetSysClock
    stm32f10x_adc.o(i.ADC_DeInit) refers to stm32f10x_rcc.o(i.RCC_APB2PeriphResetCmd) for RCC_APB2PeriphResetCmd
    stm32f10x_bkp.o(i.BKP_DeInit) refers to stm32f10x_rcc.o(i.RCC_BackupResetCmd) for RCC_BackupResetCmd
    stm32f10x_can.o(i.CAN_DeInit) refers to stm32f10x_rcc.o(i.RCC_APB1PeriphResetCmd) for RCC_APB1PeriphResetCmd
    stm32f10x_can.o(i.CAN_GetITStatus) refers to stm32f10x_can.o(i.CheckITStatus) for CheckITStatus
    stm32f10x_cec.o(i.CEC_DeInit) refers to stm32f10x_rcc.o(i.RCC_APB1PeriphResetCmd) for RCC_APB1PeriphResetCmd
    stm32f10x_dac.o(i.DAC_DeInit) refers to stm32f10x_rcc.o(i.RCC_APB1PeriphResetCmd) for RCC_APB1PeriphResetCmd
    stm32f10x_flash.o(i.FLASH_EnableWriteProtection) refers to stm32f10x_flash.o(i.FLASH_WaitForLastOperation) for FLASH_WaitForLastOperation
    stm32f10x_flash.o(i.FLASH_EraseAllBank1Pages) refers to stm32f10x_flash.o(i.FLASH_WaitForLastBank1Operation) for FLASH_WaitForLastBank1Operation
    stm32f10x_flash.o(i.FLASH_EraseAllPages) refers to stm32f10x_flash.o(i.FLASH_WaitForLastOperation) for FLASH_WaitForLastOperation
    stm32f10x_flash.o(i.FLASH_EraseOptionBytes) refers to stm32f10x_flash.o(i.FLASH_GetReadOutProtectionStatus) for FLASH_GetReadOutProtectionStatus
    stm32f10x_flash.o(i.FLASH_EraseOptionBytes) refers to stm32f10x_flash.o(i.FLASH_WaitForLastOperation) for FLASH_WaitForLastOperation
    stm32f10x_flash.o(i.FLASH_ErasePage) refers to stm32f10x_flash.o(i.FLASH_WaitForLastOperation) for FLASH_WaitForLastOperation
    stm32f10x_flash.o(i.FLASH_ProgramHalfWord) refers to stm32f10x_flash.o(i.FLASH_WaitForLastOperation) for FLASH_WaitForLastOperation
    stm32f10x_flash.o(i.FLASH_ProgramOptionByteData) refers to stm32f10x_flash.o(i.FLASH_WaitForLastOperation) for FLASH_WaitForLastOperation
    stm32f10x_flash.o(i.FLASH_ProgramWord) refers to stm32f10x_flash.o(i.FLASH_WaitForLastOperation) for FLASH_WaitForLastOperation
    stm32f10x_flash.o(i.FLASH_ReadOutProtection) refers to stm32f10x_flash.o(i.FLASH_WaitForLastOperation) for FLASH_WaitForLastOperation
    stm32f10x_flash.o(i.FLASH_UserOptionByteConfig) refers to stm32f10x_flash.o(i.FLASH_WaitForLastOperation) for FLASH_WaitForLastOperation
    stm32f10x_flash.o(i.FLASH_WaitForLastBank1Operation) refers to stm32f10x_flash.o(i.FLASH_GetBank1Status) for FLASH_GetBank1Status
    stm32f10x_flash.o(i.FLASH_WaitForLastOperation) refers to stm32f10x_flash.o(i.FLASH_GetBank1Status) for FLASH_GetBank1Status
[...]
    __rt_exit_exit                           0x0800022d   Thumb Code     0  rtexit2.o(.ARM.Collect$$rtexit$$00000004)
    Reset_Handler                            0x08000235   Thumb Code     8  startup_stm32f10x_md.o(.text)
    ADC1_2_IRQHandler                        0x0800024f   Thumb Code     0  startup_stm32f10x_md.o(.text)
    CAN1_RX1_IRQHandler                      0x0800024f   Thumb Code     0  startup_stm32f10x_md.o(.text)
    CAN1_SCE_IRQHandler                      0x0800024f   Thumb Code     0  startup_stm32f10x_md.o(.text)
    DMA1_Channel1_IRQHandler                 0x0800024f   Thumb Code     0  startup_stm32f10x_md.o(.text)
    DMA1_Channel2_IRQHandler                 0x0800024f   Thumb Code     0  startup_stm32f10x_md.o(.text)
    DMA1_Channel3_IRQHandler                 0x0800024f   Thumb Code     0  startup_stm32f10x_md.o(.text)
    DMA1_Channel4_IRQHandler                 0x0800024f   Thumb Code     0  startup_stm32f10x_md.o(.text)
    DMA1_Channel5_IRQHandler                 0x0800024f   Thumb Code     0  startup_stm32f10x_md.o(.text)
    DMA1_Channel6_IRQHandler                 0x0800024f   Thumb Code     0  startup_stm32f10x_md.o(.text)
    DMA1_Channel7_IRQHandler                 0x0800024f   Thumb Code     0  startup_stm32f10x_md.o(.text)
    EXTI0_IRQHandler                         0x0800024f   Thumb Code     0  startup_stm32f10x_md.o(.text)
    EXTI15_10_IRQHandler                     0x0800024f   Thumb Code     0  startup_stm32f10x_md.o(.text)
    EXTI1_IRQHandler                         0x0800024f   Thumb Code     0  startup_stm32f10x_md.o(.text)
    EXTI2_IRQHandler                         0x0800024f   Thumb Code     0  startup_stm32f10x_md.o(.text)
    EXTI3_IRQHandler                         0x0800024f   Thumb Code     0  startup_stm32f10x_md.o(.text)
    EXTI4_IRQHandler                         0x0800024f   Thumb Code     0  startup_stm32f10x_md.o(.text)
    EXTI9_5_IRQHandler                       0x0800024f   Thumb Code     0  startup_stm32f10x_md.o(.text)
    FLASH_IRQHandler                         0x0800024f   Thumb Code     0  startup_stm32f10x_md.o(.text)
    I2C1_ER_IRQHandler                       0x0800024f   Thumb Code     0  startup_stm32f10x_md.o(.text)
    I2C1_EV_IRQHandler                       0x0800024f   Thumb Code     0  startup_stm32f10x_md.o(.text)
    I2C2_ER_IRQHandler                       0x0800024f   Thumb Code     0  startup_stm32f10x_md.o(.text)
    I2C2_EV_IRQHandler                       0x0800024f   Thumb Code     0  startup_stm32f10x_md.o(.text)
    PVD_IRQHandler                           0x0800024f   Thumb Code     0  startup_stm32f10x_md.o(.text)
    RCC_IRQHandler                           0x0800024f   Thumb Code     0  startup_stm32f10x_md.o(.text)
    RTCAlarm_IRQHandler                      0x0800024f   Thumb Code     0  startup_stm32f10x_md.o(.text)
    RTC_IRQHandler                           0x0800024f   Thumb Code     0  startup_stm32f10x_md.o(.text)
    SPI1_IRQHandler                          0x0800024f   Thumb Code     0  startup_stm32f10x_md.o(.text)
    SPI2_IRQHandler                          0x0800024f   Thumb Code     0  startup_stm32f10x_md.o(.text)
    TAMPER_IRQHandler                        0x0800024f   Thumb Code     0  startup_stm32f10x_md.o(.text)
    TIM1_BRK_IRQHandler                      0x0800024f   Thumb Code     0  startup_stm32f10x_md.o(.text)
    TIM1_CC_IRQHandler                       0x0800024f   Thumb Code     0  startup_stm32f10x_md.o(.text)
    TIM1_TRG_COM_IRQHandler                  0x0800024f   Thumb Code     0  startup_stm32f10x_md.o(.text)
    TIM2_IRQHandler                          0x0800024f   Thumb Code     0  startup_stm32f10x_md.o(.text)
    TIM3_IRQHandler                          0x0800024f   Thumb Code     0  startup_stm32f10x_md.o(.text)
    TIM4_IRQHandler                          0x0800024f   Thumb Code     0  startup_stm32f10x_md.o(.text)
    USART1_IRQHandler                        0x0800024f   Thumb Code     0  startup_stm32f10x_md.o(.text)
    USART2_IRQHandler                        0x0800024f   Thumb Code     0  startup_stm32f10x_md.o(.text)
    USART3_IRQHandler                        0x0800024f   Thumb Code     0  startup_stm32f10x_md.o(.text)
    USBWakeUp_IRQHandler                     0x0800024f   Thumb Code     0  startup_stm32f10x_md.o(.text)
    USB_HP_CAN1_TX_IRQHandler                0x0800024f   Thumb Code     0  startup_stm32f10x_md.o(.text)
    USB_LP_CAN1_RX0_IRQHandler               0x0800024f   Thumb Code     0  startup_stm32f10x_md.o(.text)
    WWDG_IRQHandler                          0x0800024f   Thumb Code     0  startup_stm32f10x_md.o(.text)
    __user_initial_stackheap                 0x08000251   Thumb Code     0  startup_stm32f10x_md.o(.text)
    __aeabi_ldivmod                          0x08000275   Thumb Code     0  llsdiv.o(.text)
    _ll_sdiv                                 0x08000275   Thumb Code    72  llsdiv.o(.text)
    vsprintf                                 0x080002bd   Thumb Code    32  vsprintf.o(.text)
    memcmp                                   0x080002e1   Thumb Code    88  memcmp.o(.text)
    __aeabi_memset                           0x08000339   Thumb Code    16  aeabi_memset.o(.text)
    strcmp                                   0x08000349   Thumb Code   128  strcmpv7m.o(.text)
    __use_two_region_memory                  0x080003c9   Thumb Code     2  heapauxi.o(.text)
    __rt_heap_escrow$2region                 0x080003cb   Thumb Code     2  heapauxi.o(.text)
    __rt_heap_expand$2region                 0x080003cd   Thumb Code     2  heapauxi.o(.text)
    __aeabi_uldivmod                         0x080003cf   Thumb Code     0  lludivv7m.o(.text)
    _ll_udiv                                 0x080003cf   Thumb Code   238  lludivv7m.o(.text)
    __read_errno                             0x080004bd   Thumb Code    10  _rserrno.o(.text)
    __set_errno                              0x080004c7   Thumb Code    12  _rserrno.o(.text)
    _printf_pre_padding                      0x080004d3   Thumb Code    44  _printf_pad.o(.text)
    _printf_post_padding                     0x080004ff   Thumb Code    34  _printf_pad.o(.text)
    _printf_truncate_signed                  0x08000521   Thumb Code    18  _printf_truncate.o(.text)
    _printf_truncate_unsigned                0x08000533   Thumb Code    18  _printf_truncate.o(.text)
    _printf_str                              0x08000545   Thumb Code    82  _printf_str.o(.text)
    _printf_int_dec                          0x08000599   Thumb Code   104  _printf_dec.o(.text)
    _printf_charcount                        0x08000611   Thumb Code    40  _printf_charcount.o(.text)
    _printf_char_common                      0x08000643   Thumb Code    32  _printf_char_common.o(.text)
    _sputc                                   0x08000669   Thumb Code    10  _sputc.o(.text)
    _printf_wctomb                           0x08000675   Thumb Code   182  _printf_wctomb.o(.text)
    _printf_longlong_dec                     0x08000731   Thumb Code   108  _printf_longlong_dec.o(.text)
    _printf_longlong_oct                     0x080007ad   Thumb Code    66  _printf_oct_int_ll.o(.text)
    _printf_int_oct                          0x080007ef   Thumb Code    24  _printf_oct_int_ll.o(.text)
    _printf_ll_oct                           0x08000807   Thumb Code    12  _printf_oct_int_ll.o(.text)
    _printf_longlong_hex                     0x0800081d   Thumb Code    86  _printf_hex_int_ll_ptr.o(.text)
    _printf_int_hex                          0x08000873   Thumb Code    28  _printf_hex_int_ll_ptr.o(.text)
    _printf_ll_hex                           0x0800088f   Thumb Code    12  _printf_hex_int_ll_ptr.o(.text)
    _printf_hex_ptr                          0x0800089b   Thumb Code    18  _printf_hex_int_ll_ptr.o(.text)
    __printf                                 0x080008b1   Thumb Code   388  __printf_flags_ss_wp.o(.text)
    __aeabi_memclr                           0x08000a39   Thumb Code     0  rt_memclr.o(.text)
    __rt_memclr                              0x08000a39   Thumb Code    68  rt_memclr.o(.text)
    _memset                                  0x08000a3d   Thumb Code     0  rt_memclr.o(.text)
    __aeabi_errno_addr                       0x08000a7d   Thumb Code     8  rt_errno_addr_intlibspace.o(.text)
    __errno$intlibspace                      0x08000a7d   Thumb Code     0  rt_errno_addr_intlibspace.o(.text)
    __rt_errno_addr$intlibspace              0x08000a7d   Thumb Code     0  rt_errno_addr_intlibspace.o(.text)
    _ll_udiv10                               0x08000a85   Thumb Code   138  lludiv10.o(.text)
    _printf_int_common                       0x08000b0f   Thumb Code   178  _printf_intcommon.o(.text)
    __lib_sel_fp_printf                      0x08000bc1   Thumb Code     2  _printf_fp_dec.o(.text)
    _printf_fp_dec_real                      0x08000d73   Thumb Code   620  _printf_fp_dec.o(.text)
    _printf_fp_hex_real                      0x08000fe1   Thumb Code   756  _printf_fp_hex.o(.text)
    _printf_cs_common                        0x080012dd   Thumb Code    20  _printf_char.o(.text)
    _printf_char                             0x080012f1   Thumb Code    16  _printf_char.o(.text)
    _printf_string                           0x08001301   Thumb Code     8  _printf_char.o(.text)
    _printf_lcs_common                       0x08001309   Thumb Code    20  _printf_wchar.o(.text)
    _printf_wchar                            0x0800131d   Thumb Code    16  _printf_wchar.o(.text)
    _printf_wstring                          0x0800132d   Thumb Code     8  _printf_wchar.o(.text)
    _wcrtomb                                 0x08001335   Thumb Code    64  _wcrtomb.o(.text)
    __aeabi_memclr4                          0x08001375   Thumb Code     0  rt_memclr_w.o(.text)
    __aeabi_memclr8                          0x08001375   Thumb Code     0  rt_memclr_w.o(.text)
    __rt_memclr_w                            0x08001375   Thumb Code    78  rt_memclr_w.o(.text)
    _memset_w                                0x08001379   Thumb Code     0  rt_memclr_w.o(.text)
    __user_libspace                          0x080013c5   Thumb Code     8  libspace.o(.text)
    __user_perproc_libspace                  0x080013c5   Thumb Code     0  libspace.o(.text)
    __user_perthread_libspace                0x080013c5   Thumb Code     0  libspace.o(.text)
    __user_setup_stackheap                   0x080013cd   Thumb Code    74  sys_stackheap_outer.o(.text)
    __rt_ctype_table                         0x08001419   Thumb Code    16  rt_ctype_table.o(.text)
    __rt_locale                              0x08001429   Thumb Code     8  rt_locale_intlibspace.o(.text)
    _printf_fp_infnan                        0x08001431   Thumb Code   112  _printf_fp_infnan.o(.text)
    _btod_etento                             0x080014b1   Thumb Code   224  bigflt0.o(.text)
    exit                                     0x08001595   Thumb Code    18  exit.o(.text)
    _sys_exit                                0x080015a9   Thumb Code     8  sys_exit.o(.text)
    __I$use$semihosting                      0x080015b5   Thumb Code     0  use_no_semi.o(.text)
    __use_no_semihosting_swi                 0x080015b5   Thumb Code     2  use_no_semi.o(.text)
    __semihosting_library_function           0x080015b7   Thumb Code     0  indicate_semi.o(.text)
    _btod_d2e                                0x080015b7   Thumb Code    62  btod.o(CL$$btod_d2e)
    _d2e_denorm_low                          0x080015f5   Thumb Code    70  btod.o(CL$$btod_d2e_denorm_low)
    _d2e_norm_op1                            0x0800163b   Thumb Code    96  btod.o(CL$$btod_d2e_norm_op1)
    __btod_div_common                        0x0800169b   Thumb Code   696  btod.o(CL$$btod_div_common)
    _e2e                                     0x080019d3   Thumb Code   220  btod.o(CL$$btod_e2e)
    _btod_ediv                               0x08001aaf   Thumb Code    42  btod.o(CL$$btod_ediv)
    _btod_emul                               0x08001ad9   Thumb Code    42  btod.o(CL$$btod_emul)
    __btod_mult_common                       0x08001b03   Thumb Code   580  btod.o(CL$$btod_mult_common)
    BusFault_Handler                         0x08001d47   Thumb Code     4  stm32f10x_it.o(i.BusFault_Handler)
    DebugMon_Handler                         0x08001d4b   Thumb Code     2  stm32f10x_it.o(i.DebugMon_Handler)
    Delay_ms                                 0x08001d4d   Thumb Code    24  delay.o(i.Delay_ms)
    Delay_us                                 0x08001d65   Thumb Code    46  delay.o(i.Delay_us)
    Encoder1_Get                             0x08001d93   Thumb Code    26  encoder.o(i.Encoder1_Get)
    Encoder1_Init                            0x08001dad   Thumb Code   144  encoder.o(i.Encoder1_Init)
    Encoder2_Get                             0x08001e41   Thumb Code    22  encoder.o(i.Encoder2_Get)
    Encoder2_Init                            0x08001e5d   Thumb Code   138  encoder.o(i.Encoder2_Init)
    GPIO_Init                                0x08001ef1   Thumb Code   278  stm32f10x_gpio.o(i.GPIO_Init)
    GPIO_PinRemapConfig                      0x08002009   Thumb Code   138  stm32f10x_gpio.o(i.GPIO_PinRemapConfig)
    GPIO_ResetBits                           0x08002099   Thumb Code     4  stm32f10x_gpio.o(i.GPIO_ResetBits)
    GPIO_SetBits                             0x0800209d   Thumb Code     4  stm32f10x_gpio.o(i.GPIO_SetBits)
    GPIO_WriteBit                            0x080020a1   Thumb Code    10  stm32f10x_gpio.o(i.GPIO_WriteBit)
    HardFault_Handler                        0x080020ab   Thumb Code     4  stm32f10x_it.o(i.HardFault_Handler)
    LED_Control                              0x080020b1   Thumb Code    30  led.o(i.LED_Control)
    LED_Init                                 0x080020d5   Thumb Code    48  led.o(i.LED_Init)
    MPU6050_DMP_Get_Data                     0x08002109   Thumb Code   544  inv_mpu.o(i.MPU6050_DMP_Get_Data)
    MPU6050_DMP_Init                         0x0800232d   Thumb Code    78  inv_mpu.o(i.MPU6050_DMP_Init)
    MPU6050_IIC_IO_Init                      0x08002381   Thumb Code    48  mpu6050_i2c.o(i.MPU6050_IIC_IO_Init)
    MPU6050_IIC_Read_Ack                     0x080023c1   Thumb Code    72  mpu6050_i2c.o(i.MPU6050_IIC_Read_Ack)
    MPU6050_IIC_Read_Byte                    0x08002411   Thumb Code    86  mpu6050_i2c.o(i.MPU6050_IIC_Read_Byte)
    MPU6050_IIC_SDA_IO_IN                    0x08002471   Thumb Code    20  mpu6050_i2c.o(i.MPU6050_IIC_SDA_IO_IN)
    MPU6050_IIC_SDA_IO_OUT                   0x08002489   Thumb Code    20  mpu6050_i2c.o(i.MPU6050_IIC_SDA_IO_OUT)
    MPU6050_IIC_Send_Ack                     0x080024a1   Thumb Code    48  mpu6050_i2c.o(i.MPU6050_IIC_Send_Ack)
    MPU6050_IIC_Send_Byte                    0x080024d9   Thumb Code    90  mpu6050_i2c.o(i.MPU6050_IIC_Send_Byte)
    MPU6050_IIC_Start                        0x0800253d   Thumb Code    46  mpu6050_i2c.o(i.MPU6050_IIC_Start)
    MPU6050_IIC_Stop                         0x08002575   Thumb Code    52  mpu6050_i2c.o(i.MPU6050_IIC_Stop)
    MPU6050_Init                             0x080025b1   Thumb Code   114  mpu6050.o(i.MPU6050_Init)
    MPU_Get_Gyroscope                        0x08002623   Thumb Code    80  mpu6050.o(i.MPU_Get_Gyroscope)
    MPU_Set_Accel_Fsr                        0x08002673   Thumb Code    18  mpu6050.o(i.MPU_Set_Accel_Fsr)
    MPU_Set_Gyro_Fsr                         0x08002685   Thumb Code    18  mpu6050.o(i.MPU_Set_Gyro_Fsr)
    MPU_Set_LPF                              0x08002697   Thumb Code    60  mpu6050.o(i.MPU_Set_LPF)
    MPU_Set_Rate                             0x080026d3   Thumb Code    56  mpu6050.o(i.MPU_Set_Rate)
    MemManage_Handler                        0x0800270b   Thumb Code     4  stm32f10x_it.o(i.MemManage_Handler)
    Motor1_SetPWM                            0x08002711   Thumb Code    70  motor.o(i.Motor1_SetPWM)
    Motor2_SetPWM                            0x0800275d   Thumb Code    70  motor.o(i.Motor2_SetPWM)
    Motor_Init                               0x080027a9   Thumb Code    44  motor.o(i.Motor_Init)
    My_GPIO_Init                             0x080027d9   Thumb Code   172  sys.o(i.My_GPIO_Init)
    NMI_Handler                              0x08002889   Thumb Code     2  stm32f10x_it.o(i.NMI_Handler)
    NVIC_GroupInit                           0x0800288b   Thumb Code    12  nvic.o(i.NVIC_GroupInit)
    NVIC_Init                                0x08002899   Thumb Code   100  misc.o(i.NVIC_Init)
    NVIC_PriorityGroupConfig                 0x08002909   Thumb Code    10  misc.o(i.NVIC_PriorityGroupConfig)
    OLED_Clear                               0x0800291d   Thumb Code    36  oled.o(i.OLED_Clear)
    OLED_ClearArea                           0x08002945   Thumb Code   140  oled.o(i.OLED_ClearArea)
    OLED_GPIO_Init                           0x080029d5   Thumb Code    92  oled.o(i.OLED_GPIO_Init)
    OLED_I2C_SendByte                        0x08002a35   Thumb Code    62  oled.o(i.OLED_I2C_SendByte)
    OLED_I2C_Start                           0x08002a73   Thumb Code    28  oled.o(i.OLED_I2C_Start)
    OLED_I2C_Stop                            0x08002a8f   Thumb Code    22  oled.o(i.OLED_I2C_Stop)
    OLED_Init                                0x08002aa5   Thumb Code   154  oled.o(i.OLED_Init)
    OLED_Printf                              0x08002b3f   Thumb Code    50  oled.o(i.OLED_Printf)
    OLED_SetCursor                           0x08002b71   Thumb Code    34  oled.o(i.OLED_SetCursor)
    OLED_ShowChar                            0x08002b95   Thumb Code    74  oled.o(i.OLED_ShowChar)
    OLED_ShowImage                           0x08002be9   Thumb Code   248  oled.o(i.OLED_ShowImage)
    OLED_ShowString                          0x08002ce5   Thumb Code   442  oled.o(i.OLED_ShowString)
    OLED_Update                              0x08002ea9   Thumb Code    36  oled.o(i.OLED_Update)
    OLED_W_SCL                               0x08002ed1   Thumb Code    18  oled.o(i.OLED_W_SCL)
    OLED_W_SDA                               0x08002ee9   Thumb Code    18  oled.o(i.OLED_W_SDA)
    OLED_WriteCommand                        0x08002f01   Thumb Code    32  oled.o(i.OLED_WriteCommand)
    OLED_WriteData                           0x08002f21   Thumb Code    46  oled.o(i.OLED_WriteData)
    PWM_Init                                 0x08002f51   Thumb Code   256  pwm.o(i.PWM_Init)
    PWM_SetCompareA                          0x08003059   Thumb Code    14  pwm.o(i.PWM_SetCompareA)
    PWM_SetCompareB                          0x0800306d   Thumb Code    14  pwm.o(i.PWM_SetCompareB)
    PendSV_Handler                           0x08003081   Thumb Code     2  stm32f10x_it.o(i.PendSV_Handler)
    RCC_APB1PeriphClockCmd                   0x08003085   Thumb Code    26  stm32f10x_rcc.o(i.RCC_APB1PeriphClockCmd)
    RCC_APB2PeriphClockCmd                   0x080030a5   Thumb Code    26  stm32f10x_rcc.o(i.RCC_APB2PeriphClockCmd)
    RCC_GetClocksFreq                        0x080030c5   Thumb Code   192  stm32f10x_rcc.o(i.RCC_GetClocksFreq)
    SVC_Handler                              0x08003199   Thumb Code     2  stm32f10x_it.o(i.SVC_Handler)
    Serial3_Init                             0x0800319d   Thumb Code   170  serial.o(i.Serial3_Init)
    Speed_Loop                               0x08003339   Thumb Code   282  pidcore.o(i.Speed_Loop)
    SysTick_Handler                          0x08003471   Thumb Code     2  stm32f10x_it.o(i.SysTick_Handler)
    SystemInit                               0x08003475   Thumb Code    78  system_stm32f10x.o(i.SystemInit)
    TIM1_UP_IRQHandler                       0x08003715   Thumb Code   328  main.o(i.TIM1_UP_IRQHandler)
    TIM_ClearFlag                            0x080038a1   Thumb Code     6  stm32f10x_tim.o(i.TIM_ClearFlag)
    TIM_ClearITPendingBit                    0x080038a7   Thumb Code     6  stm32f10x_tim.o(i.TIM_ClearITPendingBit)
    TIM_Cmd                                  0x080038ad   Thumb Code    24  stm32f10x_tim.o(i.TIM_Cmd)
    TIM_CtrlPWMOutputs                       0x080038c5   Thumb Code    30  stm32f10x_tim.o(i.TIM_CtrlPWMOutputs)
    TIM_EncoderInterfaceConfig               0x080038e3   Thumb Code    66  stm32f10x_tim.o(i.TIM_EncoderInterfaceConfig)
    TIM_GetCounter                           0x08003925   Thumb Code     6  stm32f10x_tim.o(i.TIM_GetCounter)
    TIM_GetITStatus                          0x0800392b   Thumb Code    34  stm32f10x_tim.o(i.TIM_GetITStatus)
    TIM_ICInit                               0x0800394d   Thumb Code   150  stm32f10x_tim.o(i.TIM_ICInit)
    TIM_ICStructInit                         0x080039f9   Thumb Code    18  stm32f10x_tim.o(i.TIM_ICStructInit)
    TIM_ITConfig                             0x08003a0b   Thumb Code    18  stm32f10x_tim.o(i.TIM_ITConfig)
    TIM_InternalClockConfig                  0x08003a1d   Thumb Code    12  stm32f10x_tim.o(i.TIM_InternalClockConfig)
    TIM_OC1Init                              0x08003a29   Thumb Code   132  stm32f10x_tim.o(i.TIM_OC1Init)
    TIM_OC4Init                              0x08003ac1   Thumb Code   114  stm32f10x_tim.o(i.TIM_OC4Init)
    TIM_OCStructInit                         0x08003b3d   Thumb Code    20  stm32f10x_tim.o(i.TIM_OCStructInit)
    TIM_SetCompare1                          0x08003b51   Thumb Code     4  stm32f10x_tim.o(i.TIM_SetCompare1)
    TIM_SetCompare4                          0x08003b55   Thumb Code     6  stm32f10x_tim.o(i.TIM_SetCompare4)
    TIM_SetCounter                           0x08003b5b   Thumb Code     4  stm32f10x_tim.o(i.TIM_SetCounter)
    TIM_SetIC1Prescaler                      0x08003b5f   Thumb Code    18  stm32f10x_tim.o(i.TIM_SetIC1Prescaler)
    TIM_SetIC2Prescaler                      0x08003b71   Thumb Code    26  stm32f10x_tim.o(i.TIM_SetIC2Prescaler)
    TIM_SetIC3Prescaler                      0x08003b8b   Thumb Code    18  stm32f10x_tim.o(i.TIM_SetIC3Prescaler)
    TIM_SetIC4Prescaler                      0x08003b9d   Thumb Code    26  stm32f10x_tim.o(i.TIM_SetIC4Prescaler)
    TIM_TimeBaseInit                         0x08003bb9   Thumb Code   122  stm32f10x_tim.o(i.TIM_TimeBaseInit)
    Turn_Loop                                0x08003c5d   Thumb Code    34  pidcore.o(i.Turn_Loop)
    USART_Cmd                                0x08003c89   Thumb Code    24  stm32f10x_usart.o(i.USART_Cmd)
    USART_ITConfig                           0x08003ca1   Thumb Code    74  stm32f10x_usart.o(i.USART_ITConfig)
    USART_Init                               0x08003ced   Thumb Code   210  stm32f10x_usart.o(i.USART_Init)
    UsageFault_Handler                       0x08003dc5   Thumb Code     4  stm32f10x_it.o(i.UsageFault_Handler)
    Vertical_Loop                            0x08003dc9   Thumb Code    78  pidcore.o(i.Vertical_Loop)
    __ARM_fpclassify                         0x08003e17   Thumb Code    40  fpclassify.o(i.__ARM_fpclassify)
    __kernel_poly                            0x08003e3f   Thumb Code   170  poly.o(i.__kernel_poly)
    __mathlib_dbl_infnan                     0x08003ee9   Thumb Code     6  dunder.o(i.__mathlib_dbl_infnan)
    __mathlib_dbl_infnan2                    0x08003eef   Thumb Code     4  dunder.o(i.__mathlib_dbl_infnan2)
    __mathlib_dbl_invalid                    0x08003ef3   Thumb Code    12  dunder.o(i.__mathlib_dbl_invalid)
    __mathlib_dbl_underflow                  0x08003f01   Thumb Code    10  dunder.o(i.__mathlib_dbl_underflow)
    _is_digit                                0x08003f11   Thumb Code    14  __printf_wp.o(i._is_digit)
    asin                                     0x08003fc9   Thumb Code   572  asin.o(i.asin)
    atan                                     0x08004239   Thumb Code   474  atan.o(i.atan)
    atan2                                    0x08004459   Thumb Code   346  atan2.o(i.atan2)
    dmp_enable_6x_lp_quat                    0x0800463d   Thumb Code    60  inv_mpu_dmp_motion_driver.o(i.dmp_enable_6x_lp_quat)
    dmp_enable_feature                       0x08004679   Thumb Code   530  inv_mpu_dmp_motion_driver.o(i.dmp_enable_feature)
    dmp_enable_gyro_cal                      0x08004895   Thumb Code    62  inv_mpu_dmp_motion_driver.o(i.dmp_enable_gyro_cal)
    dmp_enable_lp_quat                       0x080048ed   Thumb Code    60  inv_mpu_dmp_motion_driver.o(i.dmp_enable_lp_quat)
    dmp_load_motion_driver_firmware          0x08004929   Thumb Code    20  inv_mpu_dmp_motion_driver.o(i.dmp_load_motion_driver_firmware)
    dmp_read_fifo                            0x08004941   Thumb Code   450  inv_mpu_dmp_motion_driver.o(i.dmp_read_fifo)
    dmp_set_accel_bias                       0x08004b09   Thumb Code   300  inv_mpu_dmp_motion_driver.o(i.dmp_set_accel_bias)
    dmp_set_fifo_rate                        0x08004c39   Thumb Code    96  inv_mpu_dmp_motion_driver.o(i.dmp_set_fifo_rate)
    dmp_set_gyro_bias                        0x08004ca9   Thumb Code   294  inv_mpu_dmp_motion_driver.o(i.dmp_set_gyro_bias)
    dmp_set_orientation                      0x08004dd9   Thumb Code   290  inv_mpu_dmp_motion_driver.o(i.dmp_set_orientation)
    dmp_set_shake_reject_thresh              0x08004f11   Thumb Code    56  inv_mpu_dmp_motion_driver.o(i.dmp_set_shake_reject_thresh)
    dmp_set_shake_reject_time                0x08004f49   Thumb Code    38  inv_mpu_dmp_motion_driver.o(i.dmp_set_shake_reject_time)
    dmp_set_shake_reject_timeout             0x08004f6f   Thumb Code    38  inv_mpu_dmp_motion_driver.o(i.dmp_set_shake_reject_timeout)
    dmp_set_tap_axes                         0x08004f95   Thumb Code    70  inv_mpu_dmp_motion_driver.o(i.dmp_set_tap_axes)
    dmp_set_tap_count                        0x08004fdb   Thumb Code    38  inv_mpu_dmp_motion_driver.o(i.dmp_set_tap_count)
    dmp_set_tap_thresh                       0x08005001   Thumb Code   396  inv_mpu_dmp_motion_driver.o(i.dmp_set_tap_thresh)
    dmp_set_tap_time                         0x080051a1   Thumb Code    38  inv_mpu_dmp_motion_driver.o(i.dmp_set_tap_time)
    dmp_set_tap_time_multi                   0x080051c7   Thumb Code    38  inv_mpu_dmp_motion_driver.o(i.dmp_set_tap_time_multi)
    inv_orientation_matrix_to_scalar         0x08005821   Thumb Code    40  inv_mpu.o(i.inv_orientation_matrix_to_scalar)
    inv_row_2_scale                          0x08005849   Thumb Code    78  inv_mpu.o(i.inv_row_2_scale)
    main                                     0x08005899   Thumb Code   174  main.o(i.main)
    mpu6050_read                             0x080059b5   Thumb Code    92  mpu6050.o(i.mpu6050_read)
    mpu6050_read_reg                         0x08005a11   Thumb Code    22  mpu6050.o(i.mpu6050_read_reg)
    mpu6050_write                            0x08005a27   Thumb Code    68  mpu6050.o(i.mpu6050_write)
    mpu6050_write_reg                        0x08005a6b   Thumb Code    18  mpu6050.o(i.mpu6050_write_reg)
    mpu_configure_fifo                       0x08005a7d   Thumb Code   106  inv_mpu.o(i.mpu_configure_fifo)
    mpu_get_accel_fsr                        0x08005aed   Thumb Code    72  inv_mpu.o(i.mpu_get_accel_fsr)
    mpu_get_accel_sens                       0x08005b39   Thumb Code    78  inv_mpu.o(i.mpu_get_accel_sens)
    mpu_get_fifo_config                      0x08005b8d   Thumb Code    12  inv_mpu.o(i.mpu_get_fifo_config)
    mpu_get_gyro_fsr                         0x08005b9d   Thumb Code    64  inv_mpu.o(i.mpu_get_gyro_fsr)
    mpu_get_gyro_sens                        0x08005be1   Thumb Code    58  inv_mpu.o(i.mpu_get_gyro_sens)
    mpu_get_lpf                              0x08005c31   Thumb Code    74  inv_mpu.o(i.mpu_get_lpf)
    mpu_get_sample_rate                      0x08005c81   Thumb Code    26  inv_mpu.o(i.mpu_get_sample_rate)
    mpu_init                                 0x08005ca1   Thumb Code   396  inv_mpu.o(i.mpu_init)
    mpu_load_firmware                        0x08005e31   Thumb Code   180  inv_mpu.o(i.mpu_load_firmware)
    mpu_lp_accel_mode                        0x08005ee9   Thumb Code   218  inv_mpu.o(i.mpu_lp_accel_mode)
    mpu_read_fifo_stream                     0x08005fc9   Thumb Code   186  inv_mpu.o(i.mpu_read_fifo_stream)
    mpu_read_mem                             0x08006089   Thumb Code   122  inv_mpu.o(i.mpu_read_mem)
    mpu_reset_fifo                           0x08006109   Thumb Code   450  inv_mpu.o(i.mpu_reset_fifo)
    mpu_run_self_test                        0x080062d1   Thumb Code   278  inv_mpu.o(i.mpu_run_self_test)
    mpu_set_accel_fsr                        0x080063ed   Thumb Code   126  inv_mpu.o(i.mpu_set_accel_fsr)
    mpu_set_bypass                           0x08006471   Thumb Code   328  inv_mpu.o(i.mpu_set_bypass)
    mpu_set_dmp_state                        0x080065bd   Thumb Code   138  inv_mpu.o(i.mpu_set_dmp_state)
    mpu_set_gyro_fsr                         0x0800664d   Thumb Code   132  inv_mpu.o(i.mpu_set_gyro_fsr)
    mpu_set_int_latched                      0x080066d5   Thumb Code   102  inv_mpu.o(i.mpu_set_int_latched)
    mpu_set_lpf                              0x08006741   Thumb Code   126  inv_mpu.o(i.mpu_set_lpf)
    mpu_set_sample_rate                      0x080067c5   Thumb Code   152  inv_mpu.o(i.mpu_set_sample_rate)
    mpu_set_sensors                          0x08006861   Thumb Code   202  inv_mpu.o(i.mpu_set_sensors)
    mpu_write_mem                            0x08006931   Thumb Code   122  inv_mpu.o(i.mpu_write_mem)
    power                                    0x080069b1   Thumb Code    20  sys.o(i.power)
    run_self_test                            0x080069c5   Thumb Code   148  inv_mpu.o(i.run_self_test)
    sqrt                                     0x08006ae9   Thumb Code    76  sqrt.o(i.sqrt)
    _get_lc_numeric                          0x08006b35   Thumb Code    44  lc_numeric_c.o(locale$$code)
    _get_lc_ctype                            0x08006b61   Thumb Code    44  lc_ctype_c.o(locale$$code)
    __aeabi_d2f                              0x08006b8d   Thumb Code     0  d2f.o(x$fpl$d2f)
    _d2f                                     0x08006b8d   Thumb Code    98  d2f.o(x$fpl$d2f)
    __aeabi_dadd                             0x08006bf1   Thumb Code     0  daddsub_clz.o(x$fpl$dadd)
    _dadd                                    0x08006bf1   Thumb Code   332  daddsub_clz.o(x$fpl$dadd)
    __fpl_dcheck_NaN1                        0x08006d41   Thumb Code    10  dcheck1.o(x$fpl$dcheck1)
    __fpl_dcmp_Inf                           0x08006d51   Thumb Code    24  dcmpi.o(x$fpl$dcmpinf)
    __aeabi_ddiv                             0x08006d69   Thumb Code     0  ddiv.o(x$fpl$ddiv)
    _ddiv                                    0x08006d69   Thumb Code   552  ddiv.o(x$fpl$ddiv)
    __aeabi_d2iz                             0x08007019   Thumb Code     0  dfix.o(x$fpl$dfix)
    _dfix                                    0x08007019   Thumb Code    94  dfix.o(x$fpl$dfix)
    __aeabi_i2d                              0x08007077   Thumb Code     0  dflt_clz.o(x$fpl$dflt)
    _dflt                                    0x08007077   Thumb Code    46  dflt_clz.o(x$fpl$dflt)
    __aeabi_cdcmple                          0x080070a5   Thumb Code     0  dleqf.o(x$fpl$dleqf)
    _dcmple                                  0x080070a5   Thumb Code   120  dleqf.o(x$fpl$dleqf)
    __fpl_dcmple_InfNaN                      0x08007107   Thumb Code     0  dleqf.o(x$fpl$dleqf)
    __aeabi_dmul                             0x0800711d   Thumb Code     0  dmul.o(x$fpl$dmul)
    _dmul                                    0x0800711d   Thumb Code   332  dmul.o(x$fpl$dmul)
    __fpl_dnaninf                            0x08007271   Thumb Code   156  dnaninf.o(x$fpl$dnaninf)
    __fpl_dretinf                            0x0800730d   Thumb Code    12  dretinf.o(x$fpl$dretinf)
    __aeabi_drsub                            0x08007319   Thumb Code     0  daddsub_clz.o(x$fpl$drsb)
    _drsb                                    0x08007319   Thumb Code    22  daddsub_clz.o(x$fpl$drsb)
    _dsqrt                                   0x08007331   Thumb Code   456  dsqrt_noumaal.o(x$fpl$dsqrt)
    __aeabi_dsub                             0x080074fd   Thumb Code     0  daddsub_clz.o(x$fpl$dsub)
    _dsub                                    0x080074fd   Thumb Code   464  daddsub_clz.o(x$fpl$dsub)
    __aeabi_f2d                              0x080076d1   Thumb Code     0  f2d.o(x$fpl$f2d)
    _f2d                                     0x080076d1   Thumb Code    86  f2d.o(x$fpl$f2d)
    __aeabi_fadd                             0x08007729   Thumb Code     0  faddsub_clz.o(x$fpl$fadd)
    _fadd                                    0x08007729   Thumb Code   196  faddsub_clz.o(x$fpl$fadd)
    __fpl_fcmp_Inf                           0x080077ed   Thumb Code    24  fcmpi.o(x$fpl$fcmpinf)
    __aeabi_fdiv                             0x08007805   Thumb Code     0  fdiv.o(x$fpl$fdiv)
    _fdiv                                    0x08007805   Thumb Code   384  fdiv.o(x$fpl$fdiv)
    __aeabi_cfcmpeq                          0x08007989   Thumb Code     0  feqf.o(x$fpl$feqf)
    _fcmpeq                                  0x08007989   Thumb Code   104  feqf.o(x$fpl$feqf)
    __aeabi_f2iz                             0x080079f1   Thumb Code     0  ffix.o(x$fpl$ffix)
    _ffix                                    0x080079f1   Thumb Code    54  ffix.o(x$fpl$ffix)
    __aeabi_f2uiz                            0x08007a29   Thumb Code     0  ffixu.o(x$fpl$ffixu)
    _ffixu                                   0x08007a29   Thumb Code    62  ffixu.o(x$fpl$ffixu)
    __aeabi_i2f                              0x08007a69   Thumb Code     0  fflt_clz.o(x$fpl$fflt)
    _fflt                                    0x08007a69   Thumb Code    48  fflt_clz.o(x$fpl$fflt)
    __aeabi_ui2f                             0x08007a99   Thumb Code     0  fflt_clz.o(x$fpl$ffltu)
    _ffltu                                   0x08007a99   Thumb Code    38  fflt_clz.o(x$fpl$ffltu)
    __aeabi_cfcmple                          0x08007ac1   Thumb Code     0  fleqf.o(x$fpl$fleqf)
    _fcmple                                  0x08007ac1   Thumb Code   104  fleqf.o(x$fpl$fleqf)
    __fpl_fcmple_InfNaN                      0x08007b13   Thumb Code     0  fleqf.o(x$fpl$fleqf)
    __aeabi_fmul                             0x08007b29   Thumb Code     0  fmul.o(x$fpl$fmul)
    _fmul                                    0x08007b29   Thumb Code   258  fmul.o(x$fpl$fmul)
    __fpl_fnaninf                            0x08007c2b   Thumb Code   140  fnaninf.o(x$fpl$fnaninf)
    __fpl_fretinf                            0x08007cb7   Thumb Code    10  fretinf.o(x$fpl$fretinf)
    __aeabi_cfrcmple                         0x08007cc1   Thumb Code     0  frleqf.o(x$fpl$frleqf)
    _frcmple                                 0x08007cc1   Thumb Code    98  frleqf.o(x$fpl$frleqf)
    __aeabi_fsub                             0x08007d25   Thumb Code     0  faddsub_clz.o(x$fpl$fsub)
    _fsub                                    0x08007d25   Thumb Code   234  faddsub_clz.o(x$fpl$fsub)
    _printf_fp_dec                           0x08007e0f   Thumb Code     4  printf1.o(x$fpl$printf1)
    _printf_fp_hex                           0x08007e13   Thumb Code     4  printf2.o(x$fpl$printf2)
    __fpl_return_NaN                         0x08007e17   Thumb Code   100  retnan.o(x$fpl$retnan)
    __ARM_scalbn                             0x08007e7b   Thumb Code    92  scalbn.o(x$fpl$scalbn)
    __fpl_cmpreturn                          0x08007ed7   Thumb Code    48  trapv.o(x$fpl$trapveneer)
    OLED_F8x16                               0x08007f06   Data        1520  oled_data.o(.constdata)
    __I$use$fp                               0x08007f06   Number         0  usenofp.o(x$fpl$usenofp)
    OLED_F6x8                                0x080084f6   Data         570  oled_data.o(.constdata)
    OLED_CF16x16                             0x08008730   Data         259  oled_data.o(.constdata)
    Diode                                    0x08008833   Data          32  oled_data.o(.constdata)
    hw                                       0x08008854   Data          12  inv_mpu.o(.constdata)
    reg                                      0x08008860   Data          27  inv_mpu.o(.constdata)
    test                                     0x0800887c   Data          40  inv_mpu.o(.constdata)
    __mathlib_zero                           0x080095d0   Data           8  qnan.o(.constdata)
    Region$$Table$$Base                      0x08009694   Number         0  anon$$obj.o(Region$$Table)
    Region$$Table$$Limit                     0x080096b4   Number         0  anon$$obj.o(Region$$Table)
    __ctype                                  0x080096dd   Data           0  lc_ctype_c.o(locale$$data)
    Turn_PID                                 0x2000001c   Data          44  main.o(.data)
    Speed_PID                                0x20000048   Data          44  main.o(.data)
    Balance_PID                              0x20000074   Data          44  main.o(.data)
    Pitch                                    0x200000a0   Data           4  main.o(.data)
    Roll                                     0x200000a4   Data           4  main.o(.data)
    Yaw                                      0x200000a8   Data           4  main.o(.data)
    L_Encoder                                0x200000ac   Data           2  main.o(.data)
    R_Encoder                                0x200000ae   Data           2  main.o(.data)
    ax                                       0x200000b0   Data           2  main.o(.data)
    ay                                       0x200000b2   Data           2  main.o(.data)
    az                                       0x200000b4   Data           2  main.o(.data)
    gx                                       0x200000b6   Data           2  main.o(.data)
    gy                                       0x200000b8   Data           2  main.o(.data)
    gz                                       0x200000ba   Data           2  main.o(.data)
    KeyNum                                   0x200000bc   Data           1  main.o(.data)
    Kf                                       0x200000bd   Data           1  main.o(.data)
    OLED_DisplayBuf                          0x200000fc   Data        1024  oled.o(.bss)
    __libspace_start                         0x2000050c   Data          96  libspace.o(.bss)
    __temporary_stack_top$libspace           0x2000056c   Data           0  libspace.o(.bss)



==============================================================================

Memory Map of the image

  Image Entry point : 0x080000ed

  Load Region LR_IROM1 (Base: 0x08000000, Size: 0x000098dc, Max: 0x00010000, ABSOLUTE)

    Execution Region ER_IROM1 (Exec base: 0x08000000, Load base: 0x08000000, Size: 0x000097e0, Max: 0x00010000, ABSOLUTE)

    Exec Addr    Load Addr    Size         Type   Attr      Idx    E Section Name        Object

    0x08000000   0x08000000   0x000000ec   Data   RO            3    RESET               startup_stm32f10x_md.o
    0x080000ec   0x080000ec   0x00000008   Code   RO         4615  * !!!main             c_w.l(__main.o)
    0x080000f4   0x080000f4   0x00000034   Code   RO         5102    !!!scatter          c_w.l(__scatter.o)
    0x08000128   0x08000128   0x0000001a   Code   RO         5104    !!handler_copy      c_w.l(__scatter_copy.o)
    0x08000142   0x08000142   0x00000002   PAD
    0x08000144   0x08000144   0x0000001c   Code   RO         5106    !!handler_zi        c_w.l(__scatter_zi.o)
    0x08000160   0x08000160   0x00000000   Code   RO         4789    .ARM.Collect$$_printf_percent$$00000000  c_w.l(_printf_percent.o)
    0x08000160   0x08000160   0x00000006   Code   RO         4778    .ARM.Collect$$_printf_percent$$00000001  c_w.l(_printf_n.o)
    0x08000166   0x08000166   0x00000006   Code   RO         4780    .ARM.Collect$$_printf_percent$$00000002  c_w.l(_printf_p.o)
    0x0800016c   0x0800016c   0x00000006   Code   RO         4785    .ARM.Collect$$_printf_percent$$00000003  c_w.l(_printf_f.o)
    0x08000172   0x08000172   0x00000006   Code   RO         4786    .ARM.Collect$$_printf_percent$$00000004  c_w.l(_printf_e.o)
    0x08000178   0x08000178   0x00000006   Code   RO         4787    .ARM.Collect$$_printf_percent$$00000005  c_w.l(_printf_g.o)
    0x0800017e   0x0800017e   0x00000006   Code   RO         4788    .ARM.Collect$$_printf_percent$$00000006  c_w.l(_printf_a.o)
    0x08000184   0x08000184   0x0000000a   Code   RO         4793    .ARM.Collect$$_printf_percent$$00000007  c_w.l(_printf_ll.o)
    0x0800018e   0x0800018e   0x00000006   Code   RO         4782    .ARM.Collect$$_printf_percent$$00000008  c_w.l(_printf_i.o)
    0x08000194   0x08000194   0x00000006   Code   RO         4783    .ARM.Collect$$_printf_percent$$00000009  c_w.l(_printf_d.o)
    0x0800019a   0x0800019a   0x00000006   Code   RO         4784    .ARM.Collect$$_printf_percent$$0000000A  c_w.l(_printf_u.o)
    0x080001a0   0x080001a0   0x00000006   Code   RO         4781    .ARM.Collect$$_printf_percent$$0000000B  c_w.l(_printf_o.o)
    0x080001a6   0x080001a6   0x00000006   Code   RO         4779    .ARM.Collect$$_printf_percent$$0000000C  c_w.l(_printf_x.o)
    0x080001ac   0x080001ac   0x00000006   Code   RO         4790    .ARM.Collect$$_printf_percent$$0000000D  c_w.l(_printf_lli.o)
    0x080001b2   0x080001b2   0x00000006   Code   RO         4791    .ARM.Collect$$_printf_percent$$0000000E  c_w.l(_printf_lld.o)
    0x080001b8   0x080001b8   0x00000006   Code   RO         4792    .ARM.Collect$$_printf_percent$$0000000F  c_w.l(_printf_llu.o)
    0x080001be   0x080001be   0x00000006   Code   RO         4797    .ARM.Collect$$_printf_percent$$00000010  c_w.l(_printf_llo.o)
    0x080001c4   0x080001c4   0x00000006   Code   RO         4798    .ARM.Collect$$_printf_percent$$00000011  c_w.l(_printf_llx.o)
    0x080001ca   0x080001ca   0x0000000a   Code   RO         4794    .ARM.Collect$$_printf_percent$$00000012  c_w.l(_printf_l.o)
    0x080001d4   0x080001d4   0x00000006   Code   RO         4776    .ARM.Collect$$_printf_percent$$00000013  c_w.l(_printf_c.o)
    0x080001da   0x080001da   0x00000006   Code   RO         4777    .ARM.Collect$$_printf_percent$$00000014  c_w.l(_printf_s.o)
    0x080001e0   0x080001e0   0x00000006   Code   RO         4795    .ARM.Collect$$_printf_percent$$00000015  c_w.l(_printf_lc.o)
    0x080001e6   0x080001e6   0x00000006   Code   RO         4796    .ARM.Collect$$_printf_percent$$00000016  c_w.l(_printf_ls.o)
    0x080001ec   0x080001ec   0x00000004   Code   RO         4902    .ARM.Collect$$_printf_percent$$00000017  c_w.l(_printf_percent_end.o)
    0x080001f0   0x080001f0   0x00000002   Code   RO         4962    .ARM.Collect$$libinit$$00000000  c_w.l(libinit.o)
    0x080001f2   0x080001f2   0x00000000   Code   RO         4977    .ARM.Collect$$libinit$$00000002  c_w.l(libinit2.o)
    0x080001f2   0x080001f2   0x00000000   Code   RO         4979    .ARM.Collect$$libinit$$00000004  c_w.l(libinit2.o)
    0x080001f2   0x080001f2   0x00000000   Code   RO         4982    .ARM.Collect$$libinit$$0000000A  c_w.l(libinit2.o)
    0x080001f2   0x080001f2   0x00000000   Code   RO         4984    .ARM.Collect$$libinit$$0000000C  c_w.l(libinit2.o)
    0x080001f2   0x080001f2   0x00000000   Code   RO         4986    .ARM.Collect$$libinit$$0000000E  c_w.l(libinit2.o)
    0x080001f2   0x080001f2   0x00000006   Code   RO         4987    .ARM.Collect$$libinit$$0000000F  c_w.l(libinit2.o)
    0x080001f8   0x080001f8   0x00000000   Code   RO         4989    .ARM.Collect$$libinit$$00000011  c_w.l(libinit2.o)
    0x080001f8   0x080001f8   0x0000000c   Code   RO         4990    .ARM.Collect$$libinit$$00000012  c_w.l(libinit2.o)
    0x08000204   0x08000204   0x00000000   Code   RO         4991    .ARM.Collect$$libinit$$00000013  c_w.l(libinit2.o)
    0x08000204   0x08000204   0x00000000   Code   RO         4993    .ARM.Collect$$libinit$$00000015  c_w.l(libinit2.o)
    0x08000204   0x08000204   0x0000000a   Code   RO         4994    .ARM.Collect$$libinit$$00000016  c_w.l(libinit2.o)
    0x0800020e   0x0800020e   0x00000000   Code   RO         4995    .ARM.Collect$$libinit$$00000017  c_w.l(libinit2.o)
    0x0800020e   0x0800020e   0x00000000   Code   RO         4997    .ARM.Collect$$libinit$$00000019  c_w.l(libinit2.o)
    0x0800020e   0x0800020e   0x00000000   Code   RO         4999    .ARM.Collect$$libinit$$0000001B  c_w.l(libinit2.o)
    0x0800020e   0x0800020e   0x00000000   Code   RO         5001    .ARM.Collect$$libinit$$0000001D  c_w.l(libinit2.o)
    0x0800020e   0x0800020e   0x00000000   Code   RO         5003    .ARM.Collect$$libinit$$0000001F  c_w.l(libinit2.o)
    0x0800020e   0x0800020e   0x00000000   Code   RO         5005    .ARM.Collect$$libinit$$00000021  c_w.l(libinit2.o)
    0x0800020e   0x0800020e   0x00000000   Code   RO         5007    .ARM.Collect$$libinit$$00000023  c_w.l(libinit2.o)
    0x0800020e   0x0800020e   0x00000000   Code   RO         5009    .ARM.Collect$$libinit$$00000025  c_w.l(libinit2.o)
    0x0800020e   0x0800020e   0x00000000   Code   RO         5013    .ARM.Collect$$libinit$$0000002C  c_w.l(libinit2.o)
    0x0800020e   0x0800020e   0x00000000   Code   RO         5015    .ARM.Collect$$libinit$$0000002E  c_w.l(libinit2.o)
    0x0800020e   0x0800020e   0x00000000   Code   RO         5017    .ARM.Collect$$libinit$$00000030  c_w.l(libinit2.o)
    0x0800020e   0x0800020e   0x00000000   Code   RO         5019    .ARM.Collect$$libinit$$00000032  c_w.l(libinit2.o)
    0x0800020e   0x0800020e   0x00000002   Code   RO         5020    .ARM.Collect$$libinit$$00000033  c_w.l(libinit2.o)
    0x08000210   0x08000210   0x00000002   Code   RO         5052    .ARM.Collect$$libshutdown$$00000000  c_w.l(libshutdown.o)
    0x08000212   0x08000212   0x00000000   Code   RO         5069    .ARM.Collect$$libshutdown$$00000002  c_w.l(libshutdown2.o)
    0x08000212   0x08000212   0x00000000   Code   RO         5071    .ARM.Collect$$libshutdown$$00000004  c_w.l(libshutdown2.o)
    0x08000212   0x08000212   0x00000000   Code   RO         5074    .ARM.Collect$$libshutdown$$00000007  c_w.l(libshutdown2.o)
    0x08000212   0x08000212   0x00000000   Code   RO         5077    .ARM.Collect$$libshutdown$$0000000A  c_w.l(libshutdown2.o)
    0x08000212   0x08000212   0x00000000   Code   RO         5079    .ARM.Collect$$libshutdown$$0000000C  c_w.l(libshutdown2.o)
    0x08000212   0x08000212   0x00000000   Code   RO         5082    .ARM.Collect$$libshutdown$$0000000F  c_w.l(libshutdown2.o)
    0x08000212   0x08000212   0x00000002   Code   RO         5083    .ARM.Collect$$libshutdown$$00000010  c_w.l(libshutdown2.o)
    0x08000214   0x08000214   0x00000000   Code   RO         4703    .ARM.Collect$$rtentry$$00000000  c_w.l(__rtentry.o)
    0x08000214   0x08000214   0x00000000   Code   RO         4864    .ARM.Collect$$rtentry$$00000002  c_w.l(__rtentry2.o)
    0x08000214   0x08000214   0x00000006   Code   RO         4876    .ARM.Collect$$rtentry$$00000004  c_w.l(__rtentry4.o)
    0x0800021a   0x0800021a   0x00000000   Code   RO         4866    .ARM.Collect$$rtentry$$00000009  c_w.l(__rtentry2.o)
    0x0800021a   0x0800021a   0x00000004   Code   RO         4867    .ARM.Collect$$rtentry$$0000000A  c_w.l(__rtentry2.o)
    0x0800021e   0x0800021e   0x00000000   Code   RO         4869    .ARM.Collect$$rtentry$$0000000C  c_w.l(__rtentry2.o)
    0x0800021e   0x0800021e   0x00000008   Code   RO         4870    .ARM.Collect$$rtentry$$0000000D  c_w.l(__rtentry2.o)
    0x08000226   0x08000226   0x00000002   Code   RO         4967    .ARM.Collect$$rtexit$$00000000  c_w.l(rtexit.o)
    0x08000228   0x08000228   0x00000000   Code   RO         5024    .ARM.Collect$$rtexit$$00000002  c_w.l(rtexit2.o)
    0x08000228   0x08000228   0x00000004   Code   RO         5025    .ARM.Collect$$rtexit$$00000003  c_w.l(rtexit2.o)
    0x0800022c   0x0800022c   0x00000006   Code   RO         5026    .ARM.Collect$$rtexit$$00000004  c_w.l(rtexit2.o)
    0x08000232   0x08000232   0x00000002   PAD
    0x08000234   0x08000234   0x00000040   Code   RO            4    .text               startup_stm32f10x_md.o
    0x08000274   0x08000274   0x00000048   Code   RO         4603    .text               c_w.l(llsdiv.o)
    0x080002bc   0x080002bc   0x00000024   Code   RO         4605    .text               c_w.l(vsprintf.o)
    0x080002e0   0x080002e0   0x00000058   Code   RO         4607    .text               c_w.l(memcmp.o)
    0x08000338   0x08000338   0x00000010   Code   RO         4609    .text               c_w.l(aeabi_memset.o)
    0x08000348   0x08000348   0x00000080   Code   RO         4611    .text               c_w.l(strcmpv7m.o)
    0x080003c8   0x080003c8   0x00000006   Code   RO         4613    .text               c_w.l(heapauxi.o)
    0x080003ce   0x080003ce   0x000000ee   Code   RO         4704    .text               c_w.l(lludivv7m.o)
    0x080004bc   0x080004bc   0x00000016   Code   RO         4706    .text               c_w.l(_rserrno.o)
    0x080004d2   0x080004d2   0x0000004e   Code   RO         4710    .text               c_w.l(_printf_pad.o)
    0x08000520   0x08000520   0x00000024   Code   RO         4712    .text               c_w.l(_printf_truncate.o)
    0x08000544   0x08000544   0x00000052   Code   RO         4714    .text               c_w.l(_printf_str.o)
    0x08000596   0x08000596   0x00000002   PAD
    0x08000598   0x08000598   0x00000078   Code   RO         4716    .text               c_w.l(_printf_dec.o)
    0x08000610   0x08000610   0x00000028   Code   RO         4718    .text               c_w.l(_printf_charcount.o)
    0x08000638   0x08000638   0x00000030   Code   RO         4720    .text               c_w.l(_printf_char_common.o)
    0x08000668   0x08000668   0x0000000a   Code   RO         4722    .text               c_w.l(_sputc.o)
    0x08000672   0x08000672   0x00000002   PAD
    0x08000674   0x08000674   0x000000bc   Code   RO         4724    .text               c_w.l(_printf_wctomb.o)
    0x08000730   0x08000730   0x0000007c   Code   RO         4727    .text               c_w.l(_printf_longlong_dec.o)
    0x080007ac   0x080007ac   0x00000070   Code   RO         4733    .text               c_w.l(_printf_oct_int_ll.o)
    0x0800081c   0x0800081c   0x00000094   Code   RO         4753    .text               c_w.l(_printf_hex_int_ll_ptr.o)
    0x080008b0   0x080008b0   0x00000188   Code   RO         4773    .text               c_w.l(__printf_flags_ss_wp.o)
    0x08000a38   0x08000a38   0x00000044   Code   RO         4799    .text               c_w.l(rt_memclr.o)
    0x08000a7c   0x08000a7c   0x00000008   Code   RO         4885    .text               c_w.l(rt_errno_addr_intlibspace.o)
    0x08000a84   0x08000a84   0x0000008a   Code   RO         4887    .text               c_w.l(lludiv10.o)
    0x08000b0e   0x08000b0e   0x000000b2   Code   RO         4889    .text               c_w.l(_printf_intcommon.o)
    0x08000bc0   0x08000bc0   0x0000041e   Code   RO         4891    .text               c_w.l(_printf_fp_dec.o)
    0x08000fde   0x08000fde   0x00000002   PAD
    0x08000fe0   0x08000fe0   0x000002fc   Code   RO         4893    .text               c_w.l(_printf_fp_hex.o)
    0x080012dc   0x080012dc   0x0000002c   Code   RO         4898    .text               c_w.l(_printf_char.o)
    0x08001308   0x08001308   0x0000002c   Code   RO         4900    .text               c_w.l(_printf_wchar.o)
    0x08001334   0x08001334   0x00000040   Code   RO         4903    .text               c_w.l(_wcrtomb.o)
    0x08001374   0x08001374   0x0000004e   Code   RO         4905    .text               c_w.l(rt_memclr_w.o)
    0x080013c2   0x080013c2   0x00000002   PAD
    0x080013c4   0x080013c4   0x00000008   Code   RO         4911    .text               c_w.l(libspace.o)
    0x080013cc   0x080013cc   0x0000004a   Code   RO         4914    .text               c_w.l(sys_stackheap_outer.o)
    0x08001416   0x08001416   0x00000002   PAD
    0x08001418   0x08001418   0x00000010   Code   RO         4916    .text               c_w.l(rt_ctype_table.o)
    0x08001428   0x08001428   0x00000008   Code   RO         4923    .text               c_w.l(rt_locale_intlibspace.o)
    0x08001430   0x08001430   0x00000080   Code   RO         4925    .text               c_w.l(_printf_fp_infnan.o)
    0x080014b0   0x080014b0   0x000000e4   Code   RO         4927    .text               c_w.l(bigflt0.o)
    0x08001594   0x08001594   0x00000012   Code   RO         4955    .text               c_w.l(exit.o)
    0x080015a6   0x080015a6   0x00000002   PAD
    0x080015a8   0x080015a8   0x0000000c   Code   RO         5040    .text               c_w.l(sys_exit.o)
    0x080015b4   0x080015b4   0x00000002   Code   RO         5057    .text               c_w.l(use_no_semi.o)
    0x080015b6   0x080015b6   0x00000000   Code   RO         5059    .text               c_w.l(indicate_semi.o)
    0x080015b6   0x080015b6   0x0000003e   Code   RO         4930    CL$$btod_d2e        c_w.l(btod.o)
    0x080015f4   0x080015f4   0x00000046   Code   RO         4932    CL$$btod_d2e_denorm_low  c_w.l(btod.o)
    0x0800163a   0x0800163a   0x00000060   Code   RO         4931    CL$$btod_d2e_norm_op1  c_w.l(btod.o)
    0x0800169a   0x0800169a   0x00000338   Code   RO         4940    CL$$btod_div_common  c_w.l(btod.o)
    0x080019d2   0x080019d2   0x000000dc   Code   RO         4937    CL$$btod_e2e        c_w.l(btod.o)
    0x08001aae   0x08001aae   0x0000002a   Code   RO         4934    CL$$btod_ediv       c_w.l(btod.o)
    0x08001ad8   0x08001ad8   0x0000002a   Code   RO         4933    CL$$btod_emul       c_w.l(btod.o)
    0x08001b02   0x08001b02   0x00000244   Code   RO         4939    CL$$btod_mult_common  c_w.l(btod.o)
    0x08001d46   0x08001d46   0x00000004   Code   RO         3881    i.BusFault_Handler  stm32f10x_it.o
    0x08001d4a   0x08001d4a   0x00000002   Code   RO         3882    i.DebugMon_Handler  stm32f10x_it.o
    0x08001d4c   0x08001d4c   0x00000018   Code   RO         3196    i.Delay_ms          delay.o
    0x08001d64   0x08001d64   0x0000002e   Code   RO         3198    i.Delay_us          delay.o
    0x08001d92   0x08001d92   0x0000001a   Code   RO         3669    i.Encoder1_Get      encoder.o
    0x08001dac   0x08001dac   0x00000094   Code   RO         3670    i.Encoder1_Init     encoder.o
    0x08001e40   0x08001e40   0x0000001c   Code   RO         3671    i.Encoder2_Get      encoder.o
    0x08001e5c   0x08001e5c   0x00000094   Code   RO         3672    i.Encoder2_Init     encoder.o
    0x08001ef0   0x08001ef0   0x00000116   Code   RO         1347    i.GPIO_Init         stm32f10x_gpio.o
    0x08002006   0x08002006   0x00000002   PAD
    0x08002008   0x08002008   0x00000090   Code   RO         1349    i.GPIO_PinRemapConfig  stm32f10x_gpio.o
    0x08002098   0x08002098   0x00000004   Code   RO         1354    i.GPIO_ResetBits    stm32f10x_gpio.o
    0x0800209c   0x0800209c   0x00000004   Code   RO         1355    i.GPIO_SetBits      stm32f10x_gpio.o
    0x080020a0   0x080020a0   0x0000000a   Code   RO         1358    i.GPIO_WriteBit     stm32f10x_gpio.o
    0x080020aa   0x080020aa   0x00000004   Code   RO         3883    i.HardFault_Handler  stm32f10x_it.o
    0x080020ae   0x080020ae   0x00000002   PAD
    0x080020b0   0x080020b0   0x00000024   Code   RO         3594    i.LED_Control       led.o
    0x080020d4   0x080020d4   0x00000034   Code   RO         3596    i.LED_Init          led.o
    0x08002108   0x08002108   0x00000224   Code   RO         3944    i.MPU6050_DMP_Get_Data  inv_mpu.o
    0x0800232c   0x0800232c   0x00000054   Code   RO         3945    i.MPU6050_DMP_Init  inv_mpu.o
    0x08002380   0x08002380   0x00000040   Code   RO         4541    i.MPU6050_IIC_IO_Init  mpu6050_i2c.o
    0x080023c0   0x080023c0   0x00000050   Code   RO         4542    i.MPU6050_IIC_Read_Ack  mpu6050_i2c.o
    0x08002410   0x08002410   0x00000060   Code   RO         4543    i.MPU6050_IIC_Read_Byte  mpu6050_i2c.o
    0x08002470   0x08002470   0x00000018   Code   RO         4544    i.MPU6050_IIC_SDA_IO_IN  mpu6050_i2c.o
    0x08002488   0x08002488   0x00000018   Code   RO         4545    i.MPU6050_IIC_SDA_IO_OUT  mpu6050_i2c.o
    0x080024a0   0x080024a0   0x00000038   Code   RO         4546    i.MPU6050_IIC_Send_Ack  mpu6050_i2c.o
    0x080024d8   0x080024d8   0x00000064   Code   RO         4547    i.MPU6050_IIC_Send_Byte  mpu6050_i2c.o
    0x0800253c   0x0800253c   0x00000038   Code   RO         4548    i.MPU6050_IIC_Start  mpu6050_i2c.o
    0x08002574   0x08002574   0x0000003c   Code   RO         4549    i.MPU6050_IIC_Stop  mpu6050_i2c.o
    0x080025b0   0x080025b0   0x00000072   Code   RO         4463    i.MPU6050_Init      mpu6050.o
    0x08002622   0x08002622   0x00000050   Code   RO         4465    i.MPU_Get_Gyroscope  mpu6050.o
    0x08002672   0x08002672   0x00000012   Code   RO         4467    i.MPU_Set_Accel_Fsr  mpu6050.o
    0x08002684   0x08002684   0x00000012   Code   RO         4468    i.MPU_Set_Gyro_Fsr  mpu6050.o
    0x08002696   0x08002696   0x0000003c   Code   RO         4469    i.MPU_Set_LPF       mpu6050.o
    0x080026d2   0x080026d2   0x00000038   Code   RO         4470    i.MPU_Set_Rate      mpu6050.o
    0x0800270a   0x0800270a   0x00000004   Code   RO         3884    i.MemManage_Handler  stm32f10x_it.o
    0x0800270e   0x0800270e   0x00000002   PAD
    0x08002710   0x08002710   0x0000004c   Code   RO         3618    i.Motor1_SetPWM     motor.o
    0x0800275c   0x0800275c   0x0000004c   Code   RO         3619    i.Motor2_SetPWM     motor.o
    0x080027a8   0x080027a8   0x00000030   Code   RO         3620    i.Motor_Init        motor.o
    0x080027d8   0x080027d8   0x000000b0   Code   RO         3275    i.My_GPIO_Init      sys.o
    0x08002888   0x08002888   0x00000002   Code   RO         3885    i.NMI_Handler       stm32f10x_it.o
    0x0800288a   0x0800288a   0x0000000c   Code   RO         3260    i.NVIC_GroupInit    nvic.o
    0x08002896   0x08002896   0x00000002   PAD
    0x08002898   0x08002898   0x00000070   Code   RO          137    i.NVIC_Init         misc.o
    0x08002908   0x08002908   0x00000014   Code   RO          138    i.NVIC_PriorityGroupConfig  misc.o
    0x0800291c   0x0800291c   0x00000028   Code   RO         3340    i.OLED_Clear        oled.o
    0x08002944   0x08002944   0x00000090   Code   RO         3341    i.OLED_ClearArea    oled.o
    0x080029d4   0x080029d4   0x00000060   Code   RO         3349    i.OLED_GPIO_Init    oled.o
    0x08002a34   0x08002a34   0x0000003e   Code   RO         3351    i.OLED_I2C_SendByte  oled.o
    0x08002a72   0x08002a72   0x0000001c   Code   RO         3352    i.OLED_I2C_Start    oled.o
    0x08002a8e   0x08002a8e   0x00000016   Code   RO         3353    i.OLED_I2C_Stop     oled.o
    0x08002aa4   0x08002aa4   0x0000009a   Code   RO         3354    i.OLED_Init         oled.o
    0x08002b3e   0x08002b3e   0x00000032   Code   RO         3357    i.OLED_Printf       oled.o
    0x08002b70   0x08002b70   0x00000022   Code   RO         3360    i.OLED_SetCursor    oled.o
    0x08002b92   0x08002b92   0x00000002   PAD
    0x08002b94   0x08002b94   0x00000054   Code   RO         3362    i.OLED_ShowChar     oled.o
    0x08002be8   0x08002be8   0x000000fc   Code   RO         3365    i.OLED_ShowImage    oled.o
    0x08002ce4   0x08002ce4   0x000001c4   Code   RO         3368    i.OLED_ShowString   oled.o
    0x08002ea8   0x08002ea8   0x00000028   Code   RO         3369    i.OLED_Update       oled.o
    0x08002ed0   0x08002ed0   0x00000018   Code   RO         3371    i.OLED_W_SCL        oled.o
    0x08002ee8   0x08002ee8   0x00000018   Code   RO         3372    i.OLED_W_SDA        oled.o
    0x08002f00   0x08002f00   0x00000020   Code   RO         3373    i.OLED_WriteCommand  oled.o
    0x08002f20   0x08002f20   0x0000002e   Code   RO         3374    i.OLED_WriteData    oled.o
    0x08002f4e   0x08002f4e   0x00000002   PAD
    0x08002f50   0x08002f50   0x00000108   Code   RO         3645    i.PWM_Init          pwm.o
    0x08003058   0x08003058   0x00000014   Code   RO         3646    i.PWM_SetCompareA   pwm.o
    0x0800306c   0x0800306c   0x00000014   Code   RO         3647    i.PWM_SetCompareB   pwm.o
    0x08003080   0x08003080   0x00000002   Code   RO         3886    i.PendSV_Handler    stm32f10x_it.o
    0x08003082   0x08003082   0x00000002   PAD
    0x08003084   0x08003084   0x00000020   Code   RO         1775    i.RCC_APB1PeriphClockCmd  stm32f10x_rcc.o
    0x080030a4   0x080030a4   0x00000020   Code   RO         1777    i.RCC_APB2PeriphClockCmd  stm32f10x_rcc.o
    0x080030c4   0x080030c4   0x000000d4   Code   RO         1785    i.RCC_GetClocksFreq  stm32f10x_rcc.o
    0x08003198   0x08003198   0x00000002   Code   RO         3887    i.SVC_Handler       stm32f10x_it.o
    0x0800319a   0x0800319a   0x00000002   PAD
    0x0800319c   0x0800319c   0x000000b4   Code   RO         3699    i.Serial3_Init      serial.o
    0x08003250   0x08003250   0x00000008   Code   RO           24    i.SetSysClock       system_stm32f10x.o
    0x08003258   0x08003258   0x000000e0   Code   RO           25    i.SetSysClockTo72   system_stm32f10x.o
    0x08003338   0x08003338   0x00000138   Code   RO         3220    i.Speed_Loop        pidcore.o
    0x08003470   0x08003470   0x00000002   Code   RO         3888    i.SysTick_Handler   stm32f10x_it.o
    0x08003472   0x08003472   0x00000002   PAD
    0x08003474   0x08003474   0x00000060   Code   RO           27    i.SystemInit        system_stm32f10x.o
    0x080034d4   0x080034d4   0x00000080   Code   RO         2405    i.TI1_Config        stm32f10x_tim.o
    0x08003554   0x08003554   0x00000098   Code   RO         2406    i.TI2_Config        stm32f10x_tim.o
    0x080035ec   0x080035ec   0x00000090   Code   RO         2407    i.TI3_Config        stm32f10x_tim.o
    0x0800367c   0x0800367c   0x00000098   Code   RO         2408    i.TI4_Config        stm32f10x_tim.o
    0x08003714   0x08003714   0x0000018c   Code   RO         3835    i.TIM1_UP_IRQHandler  main.o
    0x080038a0   0x080038a0   0x00000006   Code   RO         2415    i.TIM_ClearFlag     stm32f10x_tim.o
    0x080038a6   0x080038a6   0x00000006   Code   RO         2416    i.TIM_ClearITPendingBit  stm32f10x_tim.o
    0x080038ac   0x080038ac   0x00000018   Code   RO         2421    i.TIM_Cmd           stm32f10x_tim.o
    0x080038c4   0x080038c4   0x0000001e   Code   RO         2423    i.TIM_CtrlPWMOutputs  stm32f10x_tim.o
    0x080038e2   0x080038e2   0x00000042   Code   RO         2430    i.TIM_EncoderInterfaceConfig  stm32f10x_tim.o
    0x08003924   0x08003924   0x00000006   Code   RO         2440    i.TIM_GetCounter    stm32f10x_tim.o
    0x0800392a   0x0800392a   0x00000022   Code   RO         2442    i.TIM_GetITStatus   stm32f10x_tim.o
    0x0800394c   0x0800394c   0x000000ac   Code   RO         2444    i.TIM_ICInit        stm32f10x_tim.o
    0x080039f8   0x080039f8   0x00000012   Code   RO         2445    i.TIM_ICStructInit  stm32f10x_tim.o
    0x08003a0a   0x08003a0a   0x00000012   Code   RO         2446    i.TIM_ITConfig      stm32f10x_tim.o
    0x08003a1c   0x08003a1c   0x0000000c   Code   RO         2448    i.TIM_InternalClockConfig  stm32f10x_tim.o
    0x08003a28   0x08003a28   0x00000098   Code   RO         2450    i.TIM_OC1Init       stm32f10x_tim.o
    0x08003ac0   0x08003ac0   0x0000007c   Code   RO         2465    i.TIM_OC4Init       stm32f10x_tim.o
    0x08003b3c   0x08003b3c   0x00000014   Code   RO         2468    i.TIM_OCStructInit  stm32f10x_tim.o
    0x08003b50   0x08003b50   0x00000004   Code   RO         2482    i.TIM_SetCompare1   stm32f10x_tim.o
    0x08003b54   0x08003b54   0x00000006   Code   RO         2485    i.TIM_SetCompare4   stm32f10x_tim.o
    0x08003b5a   0x08003b5a   0x00000004   Code   RO         2486    i.TIM_SetCounter    stm32f10x_tim.o
    0x08003b5e   0x08003b5e   0x00000012   Code   RO         2487    i.TIM_SetIC1Prescaler  stm32f10x_tim.o
    0x08003b70   0x08003b70   0x0000001a   Code   RO         2488    i.TIM_SetIC2Prescaler  stm32f10x_tim.o
    0x08003b8a   0x08003b8a   0x00000012   Code   RO         2489    i.TIM_SetIC3Prescaler  stm32f10x_tim.o
    0x08003b9c   0x08003b9c   0x0000001a   Code   RO         2490    i.TIM_SetIC4Prescaler  stm32f10x_tim.o
    0x08003bb6   0x08003bb6   0x00000002   PAD
    0x08003bb8   0x08003bb8   0x000000a4   Code   RO         2492    i.TIM_TimeBaseInit  stm32f10x_tim.o
    0x08003c5c   0x08003c5c   0x0000002c   Code   RO         3221    i.Turn_Loop         pidcore.o
    0x08003c88   0x08003c88   0x00000018   Code   RO         2960    i.USART_Cmd         stm32f10x_usart.o
    0x08003ca0   0x08003ca0   0x0000004a   Code   RO         2966    i.USART_ITConfig    stm32f10x_usart.o
    0x08003cea   0x08003cea   0x00000002   PAD
    0x08003cec   0x08003cec   0x000000d8   Code   RO         2967    i.USART_Init        stm32f10x_usart.o
    0x08003dc4   0x08003dc4   0x00000004   Code   RO         3889    i.UsageFault_Handler  stm32f10x_it.o
    0x08003dc8   0x08003dc8   0x0000004e   Code   RO         3222    i.Vertical_Loop     pidcore.o
    0x08003e16   0x08003e16   0x00000028   Code   RO         4850    i.__ARM_fpclassify  m_ws.l(fpclassify.o)
    0x08003e3e   0x08003e3e   0x000000aa   Code   RO         4852    i.__kernel_poly     m_ws.l(poly.o)
    0x08003ee8   0x08003ee8   0x00000006   Code   RO         4837    i.__mathlib_dbl_infnan  m_ws.l(dunder.o)
    0x08003eee   0x08003eee   0x00000004   Code   RO         4838    i.__mathlib_dbl_infnan2  m_ws.l(dunder.o)
    0x08003ef2   0x08003ef2   0x0000000c   Code   RO         4839    i.__mathlib_dbl_invalid  m_ws.l(dunder.o)
    0x08003efe   0x08003efe   0x00000002   PAD
    0x08003f00   0x08003f00   0x00000010   Code   RO         4842    i.__mathlib_dbl_underflow  m_ws.l(dunder.o)
    0x08003f10   0x08003f10   0x0000000e   Code   RO         4766    i._is_digit         c_w.l(__printf_wp.o)
    0x08003f1e   0x08003f1e   0x00000002   PAD
    0x08003f20   0x08003f20   0x000000a8   Code   RO         3946    i.accel_self_test   inv_mpu.o
    0x08003fc8   0x08003fc8   0x00000270   Code   RO         4684    i.asin              m_ws.l(asin.o)
    0x08004238   0x08004238   0x00000220   Code   RO         4827    i.atan              m_ws.l(atan.o)
    0x08004458   0x08004458   0x00000180   Code   RO         4694    i.atan2             m_ws.l(atan2.o)
    0x080045d8   0x080045d8   0x00000064   Code   RO         4283    i.decode_gesture    inv_mpu_dmp_motion_driver.o
    0x0800463c   0x0800463c   0x0000003c   Code   RO         4284    i.dmp_enable_6x_lp_quat  inv_mpu_dmp_motion_driver.o
    0x08004678   0x08004678   0x0000021c   Code   RO         4285    i.dmp_enable_feature  inv_mpu_dmp_motion_driver.o
    0x08004894   0x08004894   0x00000058   Code   RO         4286    i.dmp_enable_gyro_cal  inv_mpu_dmp_motion_driver.o
    0x080048ec   0x080048ec   0x0000003c   Code   RO         4287    i.dmp_enable_lp_quat  inv_mpu_dmp_motion_driver.o
    0x08004928   0x08004928   0x00000018   Code   RO         4292    i.dmp_load_motion_driver_firmware  inv_mpu_dmp_motion_driver.o
    0x08004940   0x08004940   0x000001c8   Code   RO         4293    i.dmp_read_fifo     inv_mpu_dmp_motion_driver.o
    0x08004b08   0x08004b08   0x00000130   Code   RO         4296    i.dmp_set_accel_bias  inv_mpu_dmp_motion_driver.o
    0x08004c38   0x08004c38   0x00000070   Code   RO         4297    i.dmp_set_fifo_rate  inv_mpu_dmp_motion_driver.o
    0x08004ca8   0x08004ca8   0x00000130   Code   RO         4298    i.dmp_set_gyro_bias  inv_mpu_dmp_motion_driver.o
    0x08004dd8   0x08004dd8   0x00000138   Code   RO         4300    i.dmp_set_orientation  inv_mpu_dmp_motion_driver.o
    0x08004f10   0x08004f10   0x00000038   Code   RO         4303    i.dmp_set_shake_reject_thresh  inv_mpu_dmp_motion_driver.o
    0x08004f48   0x08004f48   0x00000026   Code   RO         4304    i.dmp_set_shake_reject_time  inv_mpu_dmp_motion_driver.o
    0x08004f6e   0x08004f6e   0x00000026   Code   RO         4305    i.dmp_set_shake_reject_timeout  inv_mpu_dmp_motion_driver.o
    0x08004f94   0x08004f94   0x00000046   Code   RO         4306    i.dmp_set_tap_axes  inv_mpu_dmp_motion_driver.o
    0x08004fda   0x08004fda   0x00000026   Code   RO         4307    i.dmp_set_tap_count  inv_mpu_dmp_motion_driver.o
    0x08005000   0x08005000   0x000001a0   Code   RO         4308    i.dmp_set_tap_thresh  inv_mpu_dmp_motion_driver.o
    0x080051a0   0x080051a0   0x00000026   Code   RO         4309    i.dmp_set_tap_time  inv_mpu_dmp_motion_driver.o
    0x080051c6   0x080051c6   0x00000026   Code   RO         4310    i.dmp_set_tap_time_multi  inv_mpu_dmp_motion_driver.o
    0x080051ec   0x080051ec   0x000000b4   Code   RO         3947    i.get_accel_prod_shift  inv_mpu.o
    0x080052a0   0x080052a0   0x00000470   Code   RO         3949    i.get_st_biases     inv_mpu.o
    0x08005710   0x08005710   0x00000110   Code   RO         3950    i.gyro_self_test    inv_mpu.o
    0x08005820   0x08005820   0x00000028   Code   RO         3951    i.inv_orientation_matrix_to_scalar  inv_mpu.o
    0x08005848   0x08005848   0x0000004e   Code   RO         3952    i.inv_row_2_scale   inv_mpu.o
    0x08005896   0x08005896   0x00000002   PAD
    0x08005898   0x08005898   0x0000011c   Code   RO         3836    i.main              main.o
    0x080059b4   0x080059b4   0x0000005c   Code   RO         4471    i.mpu6050_read      mpu6050.o
    0x08005a10   0x08005a10   0x00000016   Code   RO         4472    i.mpu6050_read_reg  mpu6050.o
    0x08005a26   0x08005a26   0x00000044   Code   RO         4473    i.mpu6050_write     mpu6050.o
    0x08005a6a   0x08005a6a   0x00000012   Code   RO         4474    i.mpu6050_write_reg  mpu6050.o
    0x08005a7c   0x08005a7c   0x00000070   Code   RO         3953    i.mpu_configure_fifo  inv_mpu.o
    0x08005aec   0x08005aec   0x0000004c   Code   RO         3954    i.mpu_get_accel_fsr  inv_mpu.o
    0x08005b38   0x08005b38   0x00000054   Code   RO         3956    i.mpu_get_accel_sens  inv_mpu.o
    0x08005b8c   0x08005b8c   0x00000010   Code   RO         3961    i.mpu_get_fifo_config  inv_mpu.o
    0x08005b9c   0x08005b9c   0x00000044   Code   RO         3962    i.mpu_get_gyro_fsr  inv_mpu.o
    0x08005be0   0x08005be0   0x00000050   Code   RO         3964    i.mpu_get_gyro_sens  inv_mpu.o
    0x08005c30   0x08005c30   0x00000050   Code   RO         3966    i.mpu_get_lpf       inv_mpu.o
    0x08005c80   0x08005c80   0x00000020   Code   RO         3968    i.mpu_get_sample_rate  inv_mpu.o
    0x08005ca0   0x08005ca0   0x00000190   Code   RO         3970    i.mpu_init          inv_mpu.o
    0x08005e30   0x08005e30   0x000000b8   Code   RO         3971    i.mpu_load_firmware  inv_mpu.o
    0x08005ee8   0x08005ee8   0x000000e0   Code   RO         3972    i.mpu_lp_accel_mode  inv_mpu.o
    0x08005fc8   0x08005fc8   0x000000c0   Code   RO         3975    i.mpu_read_fifo_stream  inv_mpu.o
    0x08006088   0x08006088   0x00000080   Code   RO         3976    i.mpu_read_mem      inv_mpu.o
    0x08006108   0x08006108   0x000001c8   Code   RO         3979    i.mpu_reset_fifo    inv_mpu.o
    0x080062d0   0x080062d0   0x0000011c   Code   RO         3980    i.mpu_run_self_test  inv_mpu.o
    0x080063ec   0x080063ec   0x00000084   Code   RO         3982    i.mpu_set_accel_fsr  inv_mpu.o
    0x08006470   0x08006470   0x0000014c   Code   RO         3983    i.mpu_set_bypass    inv_mpu.o
    0x080065bc   0x080065bc   0x00000090   Code   RO         3985    i.mpu_set_dmp_state  inv_mpu.o
    0x0800664c   0x0800664c   0x00000088   Code   RO         3986    i.mpu_set_gyro_fsr  inv_mpu.o
    0x080066d4   0x080066d4   0x0000006c   Code   RO         3987    i.mpu_set_int_latched  inv_mpu.o
    0x08006740   0x08006740   0x00000084   Code   RO         3989    i.mpu_set_lpf       inv_mpu.o
    0x080067c4   0x080067c4   0x0000009c   Code   RO         3990    i.mpu_set_sample_rate  inv_mpu.o
    0x08006860   0x08006860   0x000000d0   Code   RO         3991    i.mpu_set_sensors   inv_mpu.o
    0x08006930   0x08006930   0x00000080   Code   RO         3992    i.mpu_write_mem     inv_mpu.o
    0x080069b0   0x080069b0   0x00000014   Code   RO         3278    i.power             sys.o
    0x080069c4   0x080069c4   0x00000094   Code   RO         3993    i.run_self_test     inv_mpu.o
    0x08006a58   0x08006a58   0x00000090   Code   RO         3994    i.set_int_enable    inv_mpu.o
    0x08006ae8   0x08006ae8   0x0000004c   Code   RO         4856    i.sqrt              m_ws.l(sqrt.o)
    0x08006b34   0x08006b34   0x0000002c   Code   RO         4953    locale$$code        c_w.l(lc_numeric_c.o)
    0x08006b60   0x08006b60   0x0000002c   Code   RO         4970    locale$$code        c_w.l(lc_ctype_c.o)
    0x08006b8c   0x08006b8c   0x00000062   Code   RO         4617    x$fpl$d2f           fz_ws.l(d2f.o)
    0x08006bee   0x08006bee   0x00000002   PAD
    0x08006bf0   0x08006bf0   0x00000150   Code   RO         4619    x$fpl$dadd          fz_ws.l(daddsub_clz.o)
    0x08006d40   0x08006d40   0x00000010   Code   RO         4907    x$fpl$dcheck1       fz_ws.l(dcheck1.o)
    0x08006d50   0x08006d50   0x00000018   Code   RO         4801    x$fpl$dcmpinf       fz_ws.l(dcmpi.o)
    0x08006d68   0x08006d68   0x000002b0   Code   RO         4626    x$fpl$ddiv          fz_ws.l(ddiv.o)
    0x08007018   0x08007018   0x0000005e   Code   RO         4629    x$fpl$dfix          fz_ws.l(dfix.o)
    0x08007076   0x08007076   0x0000002e   Code   RO         4638    x$fpl$dflt          fz_ws.l(dflt_clz.o)
    0x080070a4   0x080070a4   0x00000078   Code   RO         4643    x$fpl$dleqf         fz_ws.l(dleqf.o)
    0x0800711c   0x0800711c   0x00000154   Code   RO         4645    x$fpl$dmul          fz_ws.l(dmul.o)
    0x08007270   0x08007270   0x0000009c   Code   RO         4803    x$fpl$dnaninf       fz_ws.l(dnaninf.o)
    0x0800730c   0x0800730c   0x0000000c   Code   RO         4805    x$fpl$dretinf       fz_ws.l(dretinf.o)
    0x08007318   0x08007318   0x00000016   Code   RO         4620    x$fpl$drsb          fz_ws.l(daddsub_clz.o)
    0x0800732e   0x0800732e   0x00000002   PAD
    0x08007330   0x08007330   0x000001cc   Code   RO         4909    x$fpl$dsqrt         fz_ws.l(dsqrt_noumaal.o)
    0x080074fc   0x080074fc   0x000001d4   Code   RO         4621    x$fpl$dsub          fz_ws.l(daddsub_clz.o)
    0x080076d0   0x080076d0   0x00000056   Code   RO         4649    x$fpl$f2d           fz_ws.l(f2d.o)
    0x08007726   0x08007726   0x00000002   PAD
    0x08007728   0x08007728   0x000000c4   Code   RO         4651    x$fpl$fadd          fz_ws.l(faddsub_clz.o)
    0x080077ec   0x080077ec   0x00000018   Code   RO         4809    x$fpl$fcmpinf       fz_ws.l(fcmpi.o)
    0x08007804   0x08007804   0x00000184   Code   RO         4658    x$fpl$fdiv          fz_ws.l(fdiv.o)
    0x08007988   0x08007988   0x00000068   Code   RO         4661    x$fpl$feqf          fz_ws.l(feqf.o)
    0x080079f0   0x080079f0   0x00000036   Code   RO         4663    x$fpl$ffix          fz_ws.l(ffix.o)
    0x08007a26   0x08007a26   0x00000002   PAD
    0x08007a28   0x08007a28   0x0000003e   Code   RO         4667    x$fpl$ffixu         fz_ws.l(ffixu.o)
    0x08007a66   0x08007a66   0x00000002   PAD
    0x08007a68   0x08007a68   0x00000030   Code   RO         4672    x$fpl$fflt          fz_ws.l(fflt_clz.o)
    0x08007a98   0x08007a98   0x00000026   Code   RO         4671    x$fpl$ffltu         fz_ws.l(fflt_clz.o)
    0x08007abe   0x08007abe   0x00000002   PAD
    0x08007ac0   0x08007ac0   0x00000068   Code   RO         4677    x$fpl$fleqf         fz_ws.l(fleqf.o)
    0x08007b28   0x08007b28   0x00000102   Code   RO         4679    x$fpl$fmul          fz_ws.l(fmul.o)
    0x08007c2a   0x08007c2a   0x0000008c   Code   RO         4811    x$fpl$fnaninf       fz_ws.l(fnaninf.o)
    0x08007cb6   0x08007cb6   0x0000000a   Code   RO         4813    x$fpl$fretinf       fz_ws.l(fretinf.o)
    0x08007cc0   0x08007cc0   0x00000062   Code   RO         4681    x$fpl$frleqf        fz_ws.l(frleqf.o)
    0x08007d22   0x08007d22   0x00000002   PAD
    0x08007d24   0x08007d24   0x000000ea   Code   RO         4653    x$fpl$fsub          fz_ws.l(faddsub_clz.o)
    0x08007e0e   0x08007e0e   0x00000004   Code   RO         4815    x$fpl$printf1       fz_ws.l(printf1.o)
    0x08007e12   0x08007e12   0x00000004   Code   RO         4817    x$fpl$printf2       fz_ws.l(printf2.o)
    0x08007e16   0x08007e16   0x00000064   Code   RO         4965    x$fpl$retnan        fz_ws.l(retnan.o)
    0x08007e7a   0x08007e7a   0x0000005c   Code   RO         4823    x$fpl$scalbn        fz_ws.l(scalbn.o)
    0x08007ed6   0x08007ed6   0x00000030   Code   RO         5021    x$fpl$trapveneer    fz_ws.l(trapv.o)
    0x08007f06   0x08007f06   0x00000000   Code   RO         4825    x$fpl$usenofp       fz_ws.l(usenofp.o)
    0x08007f06   0x08007f06   0x0000094d   Data   RO         3582    .constdata          oled_data.o
    0x08008853   0x08008853   0x00000001   PAD
    0x08008854   0x08008854   0x00000050   Data   RO         3995    .constdata          inv_mpu.o
    0x080088a4   0x080088a4   0x00000bf6   Data   RO         4312    .constdata          inv_mpu_dmp_motion_driver.o
    0x0800949a   0x0800949a   0x00000006   PAD
    0x080094a0   0x080094a0   0x00000050   Data   RO         4685    .constdata          m_ws.l(asin.o)
    0x080094f0   0x080094f0   0x00000008   Data   RO         4725    .constdata          c_w.l(_printf_wctomb.o)
    0x080094f8   0x080094f8   0x00000028   Data   RO         4754    .constdata          c_w.l(_printf_hex_int_ll_ptr.o)
    0x08009520   0x08009520   0x00000011   Data   RO         4774    .constdata          c_w.l(__printf_flags_ss_wp.o)
    0x08009531   0x08009531   0x00000007   PAD
    0x08009538   0x08009538   0x00000098   Data   RO         4828    .constdata          m_ws.l(atan.o)
    0x080095d0   0x080095d0   0x00000008   Data   RO         4854    .constdata          m_ws.l(qnan.o)
    0x080095d8   0x080095d8   0x00000026   Data   RO         4894    .constdata          c_w.l(_printf_fp_hex.o)
    0x080095fe   0x080095fe   0x00000002   PAD
    0x08009600   0x08009600   0x00000094   Data   RO         4928    .constdata          c_w.l(bigflt0.o)
    0x08009694   0x08009694   0x00000020   Data   RO         5100    Region$$Table       anon$$obj.o
    0x080096b4   0x080096b4   0x0000001c   Data   RO         4952    locale$$data        c_w.l(lc_numeric_c.o)
    0x080096d0   0x080096d0   0x00000110   Data   RO         4969    locale$$data        c_w.l(lc_ctype_c.o)


    Execution Region RW_IRAM1 (Exec base: 0x20000000, Load base: 0x080097e0, Size: 0x00000b70, Max: 0x00005000, ABSOLUTE)

    Exec Addr    Load Addr    Size         Type   Attr      Idx    E Section Name        Object

    0x20000000   0x080097e0   0x00000014   Data   RW         1805    .data               stm32f10x_rcc.o
    0x20000014   0x080097f4   0x00000006   Data   RW         3223    .data               pidcore.o
    0x2000001a   0x080097fa   0x00000002   PAD
    0x2000001c   0x080097fc   0x000000a6   Data   RW         3837    .data               main.o
    0x200000c2   0x080098a2   0x00000002   PAD
    0x200000c4   0x080098a4   0x00000035   Data   RW         3996    .data               inv_mpu.o
    0x200000f9   0x080098d9   0x00000003   PAD
    0x200000fc        -       0x00000400   Zero   RW         3376    .bss                oled.o
    0x200004fc        -       0x00000010   Zero   RW         4311    .bss                inv_mpu_dmp_motion_driver.o
    0x2000050c        -       0x00000060   Zero   RW         4912    .bss                c_w.l(libspace.o)
    0x2000056c   0x080098d9   0x00000004   PAD
    0x20000570        -       0x00000200   Zero   RW            2    HEAP                startup_stm32f10x_md.o
    0x20000770        -       0x00000400   Zero   RW            1    STACK               startup_stm32f10x_md.o


==============================================================================

Image component sizes


      Code (inc. data)   RO Data    RW Data    ZI Data      Debug   Object Name

         0          0          0          0          0       4508   core_cm3.o
        70          0          0          0          0        930   delay.o
       350         20          0          0          0       2230   encoder.o
      6690        214         80         53          0      29930   inv_mpu.o
      3092        124       3062          0         16      20194   inv_mpu_dmp_motion_driver.o
        88         10          0          0          0        973   led.o
       680        178          0        166          0       2204   main.o
       132         22          0          0          0     204775   misc.o
       200         16          0          0          0       1521   motor.o
       546          0          0          0          0       6445   mpu6050.o
       560         78          0          0          0       4936   mpu6050_i2c.o
        12          0          0          0          0        429   nvic.o
      1584         52          0          0       1024      11297   oled.o
         0          0       2381          0          0       1098   oled_data.o
       434         40          0          6          0       2581   pidcore.o
       304         20          0          0          0       1695   pwm.o
       180         10          0          0          0        643   serial.o
        64         26        236          0       1536        816   startup_stm32f10x_md.o
         0          0          0          0          0       1660   stm32f10x_adc.o
       440          6          0          0          0      12570   stm32f10x_gpio.o
        26          0          0          0          0       3774   stm32f10x_it.o
       276         32          0         20          0      12998   stm32f10x_rcc.o
      1530        180          0          0          0      35995   stm32f10x_tim.o
       314          6          0          0          0       9554   stm32f10x_usart.o
       196          4          0          0          0       3579   sys.o
       328         28          0          0          0      45245   system_stm32f10x.o

    ----------------------------------------------------------------------
     18120       1066       5798        252       2576     422580   Object Totals
         0          0         32          0          0          0   (incl. Generated)
        24          0          7          7          0          0   (incl. Padding)

    ----------------------------------------------------------------------

      Code (inc. data)   RO Data    RW Data    ZI Data      Debug   Library Member Name

         8          0          0          0          0         68   __main.o
       392          4         17          0          0         92   __printf_flags_ss_wp.o
        14          0          0          0          0         68   __printf_wp.o
         0          0          0          0          0          0   __rtentry.o
        12          0          0          0          0          0   __rtentry2.o
         6          0          0          0          0          0   __rtentry4.o
        52          8          0          0          0          0   __scatter.o
        26          0          0          0          0          0   __scatter_copy.o
        28          0          0          0          0          0   __scatter_zi.o
         6          0          0          0          0          0   _printf_a.o
         6          0          0          0          0          0   _printf_c.o
        44          0          0          0          0        108   _printf_char.o
        48          6          0          0          0         96   _printf_char_common.o
        40          0          0          0          0         68   _printf_charcount.o
         6          0          0          0          0          0   _printf_d.o
       120         16          0          0          0         92   _printf_dec.o
         6          0          0          0          0          0   _printf_e.o
         6          0          0          0          0          0   _printf_f.o
      1054          0          0          0          0        216   _printf_fp_dec.o
       764          8         38          0          0        100   _printf_fp_hex.o
       128         16          0          0          0         84   _printf_fp_infnan.o
         6          0          0          0          0          0   _printf_g.o
       148          4         40          0          0        160   _printf_hex_int_ll_ptr.o
         6          0          0          0          0          0   _printf_i.o
       178          0          0          0          0         88   _printf_intcommon.o
        10          0          0          0          0          0   _printf_l.o
         6          0          0          0          0          0   _printf_lc.o
        10          0          0          0          0          0   _printf_ll.o
         6          0          0          0          0          0   _printf_lld.o
         6          0          0          0          0          0   _printf_lli.o
         6          0          0          0          0          0   _printf_llo.o
         6          0          0          0          0          0   _printf_llu.o
         6          0          0          0          0          0   _printf_llx.o
       124         16          0          0          0         92   _printf_longlong_dec.o
         6          0          0          0          0          0   _printf_ls.o
         6          0          0          0          0          0   _printf_n.o
         6          0          0          0          0          0   _printf_o.o
       112         10          0          0          0        124   _printf_oct_int_ll.o
         6          0          0          0          0          0   _printf_p.o
        78          0          0          0          0        108   _printf_pad.o
         0          0          0          0          0          0   _printf_percent.o
         4          0          0          0          0          0   _printf_percent_end.o
         6          0          0          0          0          0   _printf_s.o
        82          0          0          0          0         80   _printf_str.o
        36          0          0          0          0         84   _printf_truncate.o
         6          0          0          0          0          0   _printf_u.o
        44          0          0          0          0        108   _printf_wchar.o
       188          6          8          0          0         92   _printf_wctomb.o
         6          0          0          0          0          0   _printf_x.o
        22          0          0          0          0        100   _rserrno.o
        10          0          0          0          0         68   _sputc.o
        64          0          0          0          0         92   _wcrtomb.o
        16          0          0          0          0         68   aeabi_memset.o
       228          4        148          0          0         96   bigflt0.o
      1936        128          0          0          0        672   btod.o
        18          0          0          0          0         80   exit.o
         6          0          0          0          0        152   heapauxi.o
         0          0          0          0          0          0   indicate_semi.o
        44         10        272          0          0         76   lc_ctype_c.o
        44         10         28          0          0         76   lc_numeric_c.o
         2          0          0          0          0          0   libinit.o
        30          0          0          0          0          0   libinit2.o
         2          0          0          0          0          0   libshutdown.o
         2          0          0          0          0          0   libshutdown2.o
         8          4          0          0         96         68   libspace.o
        72          0          0          0          0         76   llsdiv.o
       138          0          0          0          0         80   lludiv10.o
       238          0          0          0          0        100   lludivv7m.o
        88          0          0          0          0         76   memcmp.o
        16          4          0          0          0         76   rt_ctype_table.o
         8          4          0          0          0         68   rt_errno_addr_intlibspace.o
         8          4          0          0          0         68   rt_locale_intlibspace.o
        68          0          0          0          0         68   rt_memclr.o
        78          0          0          0          0         80   rt_memclr_w.o
         2          0          0          0          0          0   rtexit.o
        10          0          0          0          0          0   rtexit2.o
       128          0          0          0          0         68   strcmpv7m.o
        12          4          0          0          0         68   sys_exit.o
        74          0          0          0          0         80   sys_stackheap_outer.o
         2          0          0          0          0         68   use_no_semi.o
        36          4          0          0          0         76   vsprintf.o
        98          4          0          0          0         92   d2f.o
       826         16          0          0          0        348   daddsub_clz.o
        16          4          0          0          0         68   dcheck1.o
        24          0          0          0          0         68   dcmpi.o
       688        140          0          0          0        208   ddiv.o
        94          4          0          0          0         92   dfix.o
        46          0          0          0          0         68   dflt_clz.o
       120          4          0          0          0         92   dleqf.o
       340         12          0          0          0        104   dmul.o
       156          4          0          0          0         92   dnaninf.o
        12          0          0          0          0         68   dretinf.o
       460         56          0          0          0        120   dsqrt_noumaal.o
        86          4          0          0          0         84   f2d.o
       430          8          0          0          0        168   faddsub_clz.o
        24          0          0          0          0         68   fcmpi.o
       388         76          0          0          0         96   fdiv.o
       104          4          0          0          0         84   feqf.o
        54          4          0          0          0         84   ffix.o
        62          4          0          0          0         84   ffixu.o
        86          0          0          0          0        136   fflt_clz.o
       104          4          0          0          0         84   fleqf.o
       258          4          0          0          0         84   fmul.o
       140          4          0          0          0         84   fnaninf.o
        10          0          0          0          0         68   fretinf.o
        98          0          0          0          0         68   frleqf.o
         4          0          0          0          0         68   printf1.o
         4          0          0          0          0         68   printf2.o
       100          0          0          0          0         68   retnan.o
        92          0          0          0          0         68   scalbn.o
        48          0          0          0          0         68   trapv.o
         0          0          0          0          0          0   usenofp.o
       624         52         80          0          0        168   asin.o
       544         70        152          0          0        124   atan.o
       384         38          0          0          0        144   atan2.o
        38          6          0          0          0        272   dunder.o
        40          0          0          0          0         68   fpclassify.o
       170          0          0          0          0         96   poly.o
         0          0          8          0          0          0   qnan.o
        76          0          0          0          0         84   sqrt.o

    ----------------------------------------------------------------------
     14162        792        800          0        100       8436   Library Totals
        34          0          9          0          4          0   (incl. Padding)

    ----------------------------------------------------------------------

      Code (inc. data)   RO Data    RW Data    ZI Data      Debug   Library Name

      7280        270        551          0         96       4528   c_w.l
      4972        356          0          0          0       2952   fz_ws.l
      1876        166        240          0          0        956   m_ws.l

    ----------------------------------------------------------------------
     14162        792        800          0        100       8436   Library Totals

    ----------------------------------------------------------------------

==============================================================================


      Code (inc. data)   RO Data    RW Data    ZI Data      Debug   

     32282       1858       6598        252       2676     417960   Grand Totals
     32282       1858       6598        252       2676     417960   ELF Image Totals
     32282       1858       6598        252          0          0   ROM Totals

==============================================================================

    Total RO  Size (Code + RO Data)                38880 (  37.97kB)
    Total RW  Size (RW Data + ZI Data)              2928 (   2.86kB)
    Total ROM Size (Code + RO Data + RW Data)      39132 (  38.21kB)

==============================================================================

